<html>
<body>
<pre>
<h1>µVision Build Log</h1>
<h2>Tool Versions:</h2>
IDE-Version: µVision V5.25.2.0
Copyright (C) 2018 ARM Ltd and ARM Germany GmbH. All rights reserved.
License Information: Khuong Huynh, HCMUT, LIC=----
 
Tool Versions:
Toolchain:       MDK-Lite  Version: 5.25.2.0
Toolchain Path:  C:\Keil_v5\ARM\ARMCC\Bin
C Compiler:      Armcc.exe V5.06 update 6 (build 750)
Assembler:       Armasm.exe V5.06 update 6 (build 750)
Linker/Locator:  ArmLink.exe V5.06 update 6 (build 750)
Library Manager: ArmAr.exe V5.06 update 6 (build 750)
Hex Converter:   FromElf.exe V5.06 update 6 (build 750)
CPU DLL:         SARMCM3.DLL V5.25.2.0
Dialog DLL:      DCM.DLL V1.17.1.0
Target DLL:      STLink\ST-LINKIII-KEIL_SWO.dll V3.0.1.0
Dialog DLL:      TCM.DLL V1.35.1.0
 
<h2>Project:</h2>
D:\Keil_v5\Projects\STM32_From_Scratch\STM32_From_Scratch.uvprojx
Project File Date:  10/15/2022

<h2>Output:</h2>
*** Using Compiler 'V5.06 update 6 (build 750)', folder: 'C:\Keil_v5\ARM\ARMCC\Bin'
Rebuild target 'Target 1'
compiling SPI_serv.c...
compiling UART_serv.c...
compiling system_timer.c...
compiling GPIO_ctrl.c...
compiling main.c...
Users\Src\main.c(38): warning:  #111-D: statement is unreachable
    return 0;
Users\Src\main.c(27): warning:  #177-D: variable "inputpin_u8"  was declared but never referenced
    uint8_t inputpin_u8 = 0; 
Users\Src\main.c(28): warning:  #177-D: variable "output_state"  was declared but never referenced
  	uint8_t output_state = 0;
Users\Src\main.c: 3 warnings, 0 errors
compiling sys_tick_serv.c...
Users\Service\sys_tick_serv.c(10): warning:  #177-D: function "set_Systick"  was declared but never referenced
  static void set_Systick(uint32_t set_val_u32){
Users\Service\sys_tick_serv.c(6): warning:  #177-D: function "get_Systick"  was declared but never referenced
  static uint32_t get_Systick(void){
Users\Service\sys_tick_serv.c: 2 warnings, 0 errors
compiling UART.c...
compiling SPI_cfg.c...
compiling SPI.c...
compiling GPIO_irq_pc.c...
compiling GPIO_def.c...
compiling GPIO.c...
compiling GPIO_irq.c...
compiling sys_tick_irq.c...
assembling startup_stm32f10x_md.s...
compiling SPI_irq.c...
compiling UART_irq.c...
compiling SPI_irq_pc.c...
Users\Interrupt_Handle\SPI_irq_pc.c(49): warning:  #550-D: variable "isRxInterrupt_u8"  was set but never used
  SPI_LIST(SPI_Communication_Handler) //Handle interrupt for defined SPI peripherals
Users\Interrupt_Handle\SPI_irq_pc.c: 1 warning, 0 errors
compiling UART_irq_pc.c...
compiling system_stm32f10x.c...
linking...
Program Size: Code=1928 RO-data=396 RW-data=32 ZI-data=1720  
".\Objects\STM32_From_Scratch.axf" - 0 Error(s), 6 Warning(s).

<h2>Software Packages used:</h2>

Package Vendor: ARM
                http://www.keil.com/pack/ARM.CMSIS.5.3.0.pack
                ARM.CMSIS.5.3.0
                CMSIS (Cortex Microcontroller Software Interface Standard)
   * Component: CORE Version: 5.1.1

Package Vendor: Keil
                http://www.keil.com/pack/Keil.STM32F1xx_DFP.2.4.0.pack
                Keil.STM32F1xx_DFP.2.4.0
                STMicroelectronics STM32F1 Series Device Support, Drivers and Examples
   * Component: Startup Version: 1.0.0

<h2>Collection of Component include folders:</h2>
  .\RTE\Device\STM32F103C8
  .\RTE\_Target_1
  C:\Keil_v5\ARM\PACK\ARM\CMSIS\5.3.0\CMSIS\Include
  C:\Keil_v5\ARM\PACK\Keil\STM32F1xx_DFP\2.4.0\Device\Include

<h2>Collection of Component Files used:</h2>

   * Component: ARM::CMSIS:CORE:5.1.1

   * Component: Keil::Device:Startup:1.0.0
      Include file:  RTE_Driver\Config\RTE_Device.h
      Source file:   Device\Source\ARM\STM32F1xx_OPT.s
      Source file:   Device\Source\ARM\startup_stm32f10x_md.s
      Source file:   Device\Source\system_stm32f10x.c
Build Time Elapsed:  00:00:04
</pre>
</body>
</html>
