Component: ARM Compiler 5.06 update 6 (build 750) Tool: armlink [4d35ed]

==============================================================================

Section Cross References

    main.o(i.main) refers to gpio.o(i.GPIO_Initialization) for GPIO_Initialization
    main.o(i.main) refers to system_timer.o(i.Systick_Initialization) for Systick_Initialization
    main.o(i.main) refers to nokia_5110_lcd.o(i.NOKIA_5110_ctor) for NOKIA_5110_ctor
    main.o(i.main) refers to nokia_5110_lcd.o(i.NOKIA_Init) for NOKIA_Init
    main.o(i.main) refers to system_timer.o(i.Delay_ms_tick) for Delay_ms_tick
    main.o(i.main) refers to gpio.o(i.GPIO_WritePin) for GPIO_WritePin
    main.o(i.main) refers to main.o(.data) for my_NOKIA_5110
    gpio.o(i.EXTI0_IRQHandler) refers to gpio.o(.data) for signal
    gpio.o(i.GPIO_Initialization) refers to gpio.o(i.GPIO_configure_GPIOC) for GPIO_configure_GPIOC
    gpio.o(i.GPIO_Initialization) refers to gpio.o(i.GPIO_configure_GPIOA) for GPIO_configure_GPIOA
    gpio.o(i.GPIO_Initialization) refers to gpio.o(i.EX_Interrupt_configurtation_A) for EX_Interrupt_configurtation_A
    gpio.o(i.GPIO_ReadPin) refers to gpio.o(.constdata) for pin_lookup_tbl
    gpio.o(i.GPIO_WritePin) refers to gpio.o(.constdata) for pin_lookup_tbl
    system_timer.o(i.Delay_ms_tick) refers to system_timer.o(.data) for wait_tick_u32
    system_timer.o(i.SysTick_Handler) refers to system_timer.o(.data) for wait_tick_u32
    uart.o(i.UART_Receive) refers to uart.o(.bss) for USART1_data_container_str
    uart.o(i.UART_Transmitt) refers to uart.o(.bss) for USART1_data_container_str
    uart.o(i.UART_configure_USART1) refers to uart.o(.data) for mantisa_part_u32
    uart.o(i.UART_init) refers to uart.o(i.UART_configure_USART1) for UART_configure_USART1
    uart.o(i.USART1_IRQHandler) refers to uart.o(i.USART1_TXE_interrupt) for USART1_TXE_interrupt
    uart.o(i.USART1_IRQHandler) refers to uart.o(i.USART1_cplt_Transmitt) for USART1_cplt_Transmitt
    uart.o(i.USART1_IRQHandler) refers to uart.o(i.USART1_RXE_interrupt) for USART1_RXE_interrupt
    uart.o(i.USART1_RXE_interrupt) refers to uart.o(i.USART1_cplt_Receive) for USART1_cplt_Receive
    uart.o(i.USART1_RXE_interrupt) refers to uart.o(.bss) for USART1_data_container_str
    uart.o(i.USART1_TXE_interrupt) refers to uart.o(.bss) for USART1_data_container_str
    uart.o(i.USART1_cplt_Receive) refers to uart.o(i.UART_Receive) for UART_Receive
    uart.o(i.USART1_cplt_Receive) refers to uart.o(.bss) for USART1_data_container_str
    uart.o(i.USART1_cplt_Receive) refers to main.o(.bss) for DUMMY_RECEIVE
    uart.o(i.USART1_cplt_Transmitt) refers to uart.o(.bss) for USART1_data_container_str
    spi.o(i.SPI1_IRQHandler) refers to spi.o(i.SPI1_TXE_interrupt) for SPI1_TXE_interrupt
    spi.o(i.SPI1_TXE_interrupt) refers to spi.o(i.SPI1_cplt_Transmitt) for SPI1_cplt_Transmitt
    spi.o(i.SPI1_TXE_interrupt) refers to spi.o(.bss) for SPI1_data_container_str
    spi.o(i.SPI1_cplt_Transmitt) refers to spi.o(.bss) for SPI1_data_container_str
    spi.o(i.SPI1_cplt_Transmitt) refers to nokia_5110_lcd.o(.data) for transmit_cplt_b
    spi.o(i.SPI_Write) refers to spi.o(.bss) for SPI1_data_container_str
    spi.o(i.SPI_init) refers to spi.o(i.SPI1_Configuration) for SPI1_Configuration
    nokia_5110_lcd.o(i.NOKIA_5110_ctor) refers to nokia_5110_lcd.o(i.SPI1_Configuration) for SPI1_Configuration
    nokia_5110_lcd.o(i.NOKIA_5110_ctor) refers to nokia_5110_lcd.o(i.GPIO_configure_GPIOA) for GPIO_configure_GPIOA
    nokia_5110_lcd.o(i.NOKIA_5110_ctor) refers to h1_alloc.o(.text) for malloc
    nokia_5110_lcd.o(i.NOKIA_5110_dtor) refers to h1_free.o(.text) for free
    nokia_5110_lcd.o(i.NOKIA_Init) refers to gpio.o(i.GPIO_WritePin) for GPIO_WritePin
    nokia_5110_lcd.o(i.NOKIA_Init) refers to system_timer.o(i.Delay_ms_tick) for Delay_ms_tick
    nokia_5110_lcd.o(i.NOKIA_Init) refers to nokia_5110_lcd.o(i.NOKIA_set_single_data) for NOKIA_set_single_data
    nokia_5110_lcd.o(i.NOKIA_set_single_data) refers to spi.o(i.SPI_Write) for SPI_Write
    nokia_5110_lcd.o(i.NOKIA_set_single_data) refers to nokia_5110_lcd.o(.data) for transmit_cplt_b
    startup_stm32f10x_md.o(STACK) refers (Special) to heapauxi.o(.text) for __use_two_region_memory
    startup_stm32f10x_md.o(HEAP) refers (Special) to heapauxi.o(.text) for __use_two_region_memory
    startup_stm32f10x_md.o(RESET) refers (Special) to heapauxi.o(.text) for __use_two_region_memory
    startup_stm32f10x_md.o(RESET) refers to startup_stm32f10x_md.o(STACK) for __initial_sp
    startup_stm32f10x_md.o(RESET) refers to startup_stm32f10x_md.o(.text) for Reset_Handler
    startup_stm32f10x_md.o(RESET) refers to system_timer.o(i.SysTick_Handler) for SysTick_Handler
    startup_stm32f10x_md.o(RESET) refers to gpio.o(i.EXTI0_IRQHandler) for EXTI0_IRQHandler
    startup_stm32f10x_md.o(RESET) refers to spi.o(i.SPI1_IRQHandler) for SPI1_IRQHandler
    startup_stm32f10x_md.o(RESET) refers to uart.o(i.USART1_IRQHandler) for USART1_IRQHandler
    startup_stm32f10x_md.o(.text) refers (Special) to heapauxi.o(.text) for __use_two_region_memory
    startup_stm32f10x_md.o(.text) refers to system_stm32f10x.o(i.SystemInit) for SystemInit
    startup_stm32f10x_md.o(.text) refers to __main.o(!!!main) for __main
    startup_stm32f10x_md.o(.text) refers to startup_stm32f10x_md.o(HEAP) for Heap_Mem
    startup_stm32f10x_md.o(.text) refers to startup_stm32f10x_md.o(STACK) for Stack_Mem
    system_stm32f10x.o(i.SetSysClock) refers to system_stm32f10x.o(i.SetSysClockTo72) for SetSysClockTo72
    system_stm32f10x.o(i.SystemCoreClockUpdate) refers to system_stm32f10x.o(.data) for SystemCoreClock
    system_stm32f10x.o(i.SystemInit) refers to system_stm32f10x.o(i.SetSysClock) for SetSysClock
    malloc.o(.text) refers (Special) to hguard.o(.text) for __heap$guard
    malloc.o(.text) refers (Special) to init_alloc.o(.text) for _init_alloc
    malloc.o(.text) refers to rt_heap_descriptor_intlibspace.o(.text) for __rt_heap_descriptor
    malloc.o(.text) refers to heapstubs.o(.text) for __Heap_Alloc
    free.o(.text) refers (Special) to hguard.o(.text) for __heap$guard
    free.o(.text) refers to rt_heap_descriptor_intlibspace.o(.text) for __rt_heap_descriptor
    free.o(.text) refers to heapstubs.o(.text) for __Heap_Free
    h1_alloc.o(.text) refers (Special) to h1_init.o(.text) for __Heap_Initialize
    h1_alloc.o(.text) refers to rt_heap_descriptor_intlibspace.o(.text) for __rt_heap_descriptor
    h1_alloc.o(.text) refers to init_alloc.o(.text) for __Heap_Full
    h1_free.o(.text) refers to rt_heap_descriptor_intlibspace.o(.text) for __rt_heap_descriptor
    h1_alloc_mt.o(.text) refers (Special) to h1_init.o(.text) for __Heap_Initialize
    h1_alloc_mt.o(.text) refers to init_alloc.o(.text) for __Heap_Full
    h1_alloc_mt.o(.text) refers to rt_heap_descriptor_intlibspace.o(.text) for __rt_heap_descriptor
    h1_free_mt.o(.text) refers to rt_heap_descriptor_intlibspace.o(.text) for __rt_heap_descriptor
    heap2.o(i._FDIterate) refers to heap2.o(.conststring) for .conststring
    heap2.o(i.___Heap_ProvideMemory$realtime) refers to fdtree.o(i._FDTree_Delete) for _FDTree_Delete
    heap2.o(i.___Heap_ProvideMemory$realtime) refers to fdtree.o(i._FDTree_Insert) for _FDTree_Insert
    heap2.o(i.___Heap_Stats$realtime) refers to heap2.o(i._Heap2_StatsIterate) for _Heap2_StatsIterate
    heap2.o(i.___Heap_Valid$realtime) refers to heap2.o(i._FDIterate) for _FDIterate
    heap2.o(i.___Heap_Valid$realtime) refers to heap2.o(.conststring) for .conststring
    heap2.o(i._free$realtime) refers to rt_heap_descriptor_intlibspace.o(.text) for __rt_heap_descriptor
    heap2.o(i._free$realtime) refers to fdtree.o(i._FDTree_Delete) for _FDTree_Delete
    heap2.o(i._free$realtime) refers to fdtree.o(i._FDTree_Insert) for _FDTree_Insert
    heap2.o(i._malloc$realtime) refers to rt_heap_descriptor_intlibspace.o(.text) for __rt_heap_descriptor
    heap2.o(i._malloc$realtime) refers to fdtree.o(i._FDTree_FindFirst) for _FDTree_FindFirst
    heap2.o(i._malloc$realtime) refers to init_alloc.o(.text) for __Heap_Full
    heap2.o(i._malloc$realtime) refers to fdtree.o(i._FDTree_RemoveNode) for _FDTree_RemoveNode
    heap2.o(i._malloc$realtime) refers to fdtree.o(i._FDTree_Insert) for _FDTree_Insert
    heap2.o(i._posix_memalign$realtime) refers to rt_heap_descriptor_intlibspace.o(.text) for __rt_heap_descriptor
    heap2.o(i._posix_memalign$realtime) refers to fdtree.o(i._FDTree_FindFirst) for _FDTree_FindFirst
    heap2.o(i._posix_memalign$realtime) refers to init_alloc.o(.text) for __Heap_Full
    heap2.o(i._posix_memalign$realtime) refers to fdtree.o(i._FDTree_RemoveNode) for _FDTree_RemoveNode
    heap2.o(i._posix_memalign$realtime) refers to fdtree.o(i._FDTree_Insert) for _FDTree_Insert
    heap2.o(i._realloc$realtime) refers to rt_heap_descriptor_intlibspace.o(.text) for __rt_heap_descriptor
    heap2.o(i._realloc$realtime) refers to fdtree.o(i._FDTree_Insert) for _FDTree_Insert
    heap2.o(i._realloc$realtime) refers to h1_free.o(.text) for free
    heap2.o(i._realloc$realtime) refers to h1_alloc.o(.text) for malloc
    heap2.o(i._realloc$realtime) refers to fdtree.o(i._FDTree_Delete) for _FDTree_Delete
    heap2.o(i._realloc$realtime) refers to rt_memcpy_w.o(.text) for __aeabi_memcpy4
    heap2mt.o(i._FDIterate) refers to heap2mt.o(.conststring) for .conststring
    heap2mt.o(i.___Heap_Initialize$realtime$concurrent) refers to mutex_dummy.o(.text) for _mutex_initialize
    heap2mt.o(i.___Heap_ProvideMemory$realtime$concurrent) refers to fdtree.o(i._FDTree_Delete) for _FDTree_Delete
    heap2mt.o(i.___Heap_ProvideMemory$realtime$concurrent) refers to fdtree.o(i._FDTree_Insert) for _FDTree_Insert
    heap2mt.o(i.___Heap_Stats$realtime$concurrent) refers to heap2mt.o(i._Heap2_StatsIterate) for _Heap2_StatsIterate
    heap2mt.o(i.___Heap_Valid$realtime$concurrent) refers to heap2mt.o(i._FDIterate) for _FDIterate
    heap2mt.o(i.___Heap_Valid$realtime$concurrent) refers to heap2mt.o(.conststring) for .conststring
    heap2mt.o(i._free$realtime$concurrent) refers to rt_heap_descriptor_intlibspace.o(.text) for __rt_heap_descriptor
    heap2mt.o(i._free$realtime$concurrent) refers to fdtree.o(i._FDTree_Delete) for _FDTree_Delete
    heap2mt.o(i._free$realtime$concurrent) refers to fdtree.o(i._FDTree_Insert) for _FDTree_Insert
    heap2mt.o(i._malloc$realtime$concurrent) refers to rt_heap_descriptor_intlibspace.o(.text) for __rt_heap_descriptor
    heap2mt.o(i._malloc$realtime$concurrent) refers to fdtree.o(i._FDTree_FindFirst) for _FDTree_FindFirst
    heap2mt.o(i._malloc$realtime$concurrent) refers to init_alloc.o(.text) for __Heap_Full
    heap2mt.o(i._malloc$realtime$concurrent) refers to fdtree.o(i._FDTree_RemoveNode) for _FDTree_RemoveNode
    heap2mt.o(i._malloc$realtime$concurrent) refers to fdtree.o(i._FDTree_Insert) for _FDTree_Insert
    heap2mt.o(i._posix_memalign$realtime$concurrent) refers to rt_heap_descriptor_intlibspace.o(.text) for __rt_heap_descriptor
    heap2mt.o(i._posix_memalign$realtime$concurrent) refers to fdtree.o(i._FDTree_FindFirst) for _FDTree_FindFirst
    heap2mt.o(i._posix_memalign$realtime$concurrent) refers to init_alloc.o(.text) for __Heap_Full
    heap2mt.o(i._posix_memalign$realtime$concurrent) refers to fdtree.o(i._FDTree_RemoveNode) for _FDTree_RemoveNode
    heap2mt.o(i._posix_memalign$realtime$concurrent) refers to fdtree.o(i._FDTree_Insert) for _FDTree_Insert
    heap2mt.o(i._realloc$realtime$concurrent) refers to rt_heap_descriptor_intlibspace.o(.text) for __rt_heap_descriptor
    heap2mt.o(i._realloc$realtime$concurrent) refers to fdtree.o(i._FDTree_Insert) for _FDTree_Insert
    heap2mt.o(i._realloc$realtime$concurrent) refers to h1_free.o(.text) for free
    heap2mt.o(i._realloc$realtime$concurrent) refers to h1_alloc.o(.text) for malloc
    heap2mt.o(i._realloc$realtime$concurrent) refers to fdtree.o(i._FDTree_Delete) for _FDTree_Delete
    heap2mt.o(i._realloc$realtime$concurrent) refers to rt_memcpy_w.o(.text) for __aeabi_memcpy4
    __main.o(!!!main) refers to __rtentry.o(.ARM.Collect$$rtentry$$00000000) for __rt_entry
    __rtentry.o(.ARM.Collect$$rtentry$$00000000) refers (Special) to __rtentry2.o(.ARM.Collect$$rtentry$$0000000A) for __rt_entry_li
    __rtentry.o(.ARM.Collect$$rtentry$$00000000) refers (Special) to __rtentry2.o(.ARM.Collect$$rtentry$$0000000D) for __rt_entry_main
    __rtentry.o(.ARM.Collect$$rtentry$$00000000) refers (Special) to __rtentry2.o(.ARM.Collect$$rtentry$$0000000C) for __rt_entry_postli_1
    __rtentry.o(.ARM.Collect$$rtentry$$00000000) refers (Special) to __rtentry2.o(.ARM.Collect$$rtentry$$00000009) for __rt_entry_postsh_1
    __rtentry.o(.ARM.Collect$$rtentry$$00000000) refers (Special) to __rtentry2.o(.ARM.Collect$$rtentry$$00000002) for __rt_entry_presh_1
    __rtentry.o(.ARM.Collect$$rtentry$$00000000) refers (Special) to __rtentry4.o(.ARM.Collect$$rtentry$$00000004) for __rt_entry_sh
    rt_heap_descriptor.o(.text) refers to rt_heap_descriptor.o(.bss) for __rt_heap_descriptor_data
    rt_heap_descriptor_intlibspace.o(.text) refers to libspace.o(.bss) for __libspace_start
    init_alloc.o(.text) refers (Special) to hguard.o(.text) for __heap$guard
    init_alloc.o(.text) refers (Special) to libinit2.o(.ARM.Collect$$libinit$$00000005) for __rt_lib_init_heap_2
    init_alloc.o(.text) refers (Special) to maybetermalloc1.o(.emb_text) for _maybe_terminate_alloc
    init_alloc.o(.text) refers to h1_extend.o(.text) for __Heap_ProvideMemory
    init_alloc.o(.text) refers to defsig_rtmem_outer.o(.text) for __rt_SIGRTMEM
    init_alloc.o(.text) refers to rt_heap_descriptor_intlibspace.o(.text) for __rt_heap_descriptor
    init_alloc.o(.text) refers to h1_init.o(.text) for __Heap_Initialize
    h1_init_mt.o(.text) refers to mutex_dummy.o(.text) for _mutex_initialize
    _get_argv.o(.text) refers (Special) to hrguard.o(.text) for __heap_region$guard
    _get_argv.o(.text) refers to h1_alloc.o(.text) for malloc
    _get_argv.o(.text) refers to defsig_rtmem_outer.o(.text) for __rt_SIGRTMEM
    _get_argv.o(.text) refers to sys_command.o(.text) for _sys_command_string
    libinit2.o(.ARM.Collect$$libinit$$00000005) refers (Weak) to init_alloc.o(.text) for _init_alloc
    libinit2.o(.ARM.Collect$$libinit$$00000010) refers to libinit2.o(.ARM.Collect$$libinit$$0000000F) for .ARM.Collect$$libinit$$0000000F
    libinit2.o(.ARM.Collect$$libinit$$00000012) refers to libinit2.o(.ARM.Collect$$libinit$$0000000F) for .ARM.Collect$$libinit$$0000000F
    libinit2.o(.ARM.Collect$$libinit$$00000014) refers to libinit2.o(.ARM.Collect$$libinit$$0000000F) for .ARM.Collect$$libinit$$0000000F
    libinit2.o(.ARM.Collect$$libinit$$00000016) refers to libinit2.o(.ARM.Collect$$libinit$$0000000F) for .ARM.Collect$$libinit$$0000000F
    libinit2.o(.ARM.Collect$$libinit$$00000018) refers to libinit2.o(.ARM.Collect$$libinit$$0000000F) for .ARM.Collect$$libinit$$0000000F
    libinit2.o(.ARM.Collect$$libinit$$00000026) refers to argv_veneer.o(.emb_text) for __ARM_argv_veneer
    libinit2.o(.ARM.Collect$$libinit$$00000027) refers to argv_veneer.o(.emb_text) for __ARM_argv_veneer
    sys_command.o(.text) refers (Special) to use_no_semi.o(.text) for __I$use$semihosting
    sys_command.o(.text) refers (Special) to indicate_semi.o(.text) for __semihosting_library_function
    libspace.o(.text) refers to libspace.o(.bss) for __libspace_start
    __rtentry2.o(.ARM.Collect$$rtentry$$00000008) refers to boardinit2.o(.text) for _platform_post_stackheap_init
    __rtentry2.o(.ARM.Collect$$rtentry$$0000000A) refers to libinit.o(.ARM.Collect$$libinit$$00000000) for __rt_lib_init
    __rtentry2.o(.ARM.Collect$$rtentry$$0000000B) refers to boardinit3.o(.text) for _platform_post_lib_init
    __rtentry2.o(.ARM.Collect$$rtentry$$0000000D) refers to main.o(i.main) for main
    __rtentry2.o(.ARM.Collect$$rtentry$$0000000D) refers to exit.o(.text) for exit
    __rtentry2.o(.ARM.exidx) refers to __rtentry2.o(.ARM.Collect$$rtentry$$00000001) for .ARM.Collect$$rtentry$$00000001
    __rtentry2.o(.ARM.exidx) refers to __rtentry2.o(.ARM.Collect$$rtentry$$00000008) for .ARM.Collect$$rtentry$$00000008
    __rtentry2.o(.ARM.exidx) refers to __rtentry2.o(.ARM.Collect$$rtentry$$0000000A) for .ARM.Collect$$rtentry$$0000000A
    __rtentry2.o(.ARM.exidx) refers to __rtentry2.o(.ARM.Collect$$rtentry$$0000000B) for .ARM.Collect$$rtentry$$0000000B
    __rtentry2.o(.ARM.exidx) refers to __rtentry2.o(.ARM.Collect$$rtentry$$0000000D) for .ARM.Collect$$rtentry$$0000000D
    __rtentry4.o(.ARM.Collect$$rtentry$$00000004) refers to sys_stackheap_outer.o(.text) for __user_setup_stackheap
    __rtentry4.o(.ARM.exidx) refers to __rtentry4.o(.ARM.Collect$$rtentry$$00000004) for .ARM.Collect$$rtentry$$00000004
    maybetermalloc2.o(.emb_text) refers (Special) to term_alloc.o(.text) for _terminate_alloc
    h1_extend.o(.text) refers to h1_free.o(.text) for free
    h1_extend_mt.o(.text) refers to h1_free_mt.o(.text) for _free_internal
    defsig_rtmem_outer.o(.text) refers to defsig_rtmem_inner.o(.text) for __rt_SIGRTMEM_inner
    defsig_rtmem_outer.o(.text) refers to defsig_exit.o(.text) for __sig_exit
    defsig_rtmem_formal.o(.text) refers to rt_raise.o(.text) for __rt_raise
    heapauxa.o(.text) refers to heapauxa.o(.data) for .data
    argv_veneer.o(.emb_text) refers to no_argv.o(.text) for __ARM_get_argv
    sys_stackheap_outer.o(.text) refers to libspace.o(.text) for __user_perproc_libspace
    sys_stackheap_outer.o(.text) refers to startup_stm32f10x_md.o(.text) for __user_initial_stackheap
    rt_raise.o(.text) refers to __raise.o(.text) for __raise
    rt_raise.o(.text) refers to sys_exit.o(.text) for _sys_exit
    term_alloc.o(.text) refers (Special) to libshutdown2.o(.ARM.Collect$$libshutdown$$0000000E) for __rt_lib_shutdown_heap_2
    term_alloc.o(.text) refers to rt_heap_descriptor_intlibspace.o(.text) for __rt_heap_descriptor
    term_alloc.o(.text) refers to h1_final.o(.text) for __Heap_Finalize
    exit.o(.text) refers to rtexit.o(.ARM.Collect$$rtexit$$00000000) for __rt_exit
    defsig_exit.o(.text) refers to sys_exit.o(.text) for _sys_exit
    defsig_rtmem_inner.o(.text) refers to defsig_general.o(.text) for __default_signal_display
    _get_argv_nomalloc.o(.text) refers (Special) to hrguard.o(.text) for __heap_region$guard
    _get_argv_nomalloc.o(.text) refers to defsig_rtmem_outer.o(.text) for __rt_SIGRTMEM
    _get_argv_nomalloc.o(.text) refers to sys_command.o(.text) for _sys_command_string
    libinit.o(.ARM.Collect$$libinit$$00000000) refers (Special) to libinit2.o(.ARM.Collect$$libinit$$0000002E) for __rt_lib_init_alloca_1
    libinit.o(.ARM.Collect$$libinit$$00000000) refers (Special) to libinit2.o(.ARM.Collect$$libinit$$0000002C) for __rt_lib_init_argv_1
    libinit.o(.ARM.Collect$$libinit$$00000000) refers (Special) to libinit2.o(.ARM.Collect$$libinit$$0000001B) for __rt_lib_init_atexit_1
    libinit.o(.ARM.Collect$$libinit$$00000000) refers (Special) to libinit2.o(.ARM.Collect$$libinit$$00000021) for __rt_lib_init_clock_1
    libinit.o(.ARM.Collect$$libinit$$00000000) refers (Special) to libinit2.o(.ARM.Collect$$libinit$$00000032) for __rt_lib_init_cpp_1
    libinit.o(.ARM.Collect$$libinit$$00000000) refers (Special) to libinit2.o(.ARM.Collect$$libinit$$00000030) for __rt_lib_init_exceptions_1
    libinit.o(.ARM.Collect$$libinit$$00000000) refers (Special) to libinit2.o(.ARM.Collect$$libinit$$00000002) for __rt_lib_init_fp_1
    libinit.o(.ARM.Collect$$libinit$$00000000) refers (Special) to libinit2.o(.ARM.Collect$$libinit$$0000001F) for __rt_lib_init_fp_trap_1
    libinit.o(.ARM.Collect$$libinit$$00000000) refers (Special) to libinit2.o(.ARM.Collect$$libinit$$00000023) for __rt_lib_init_getenv_1
    libinit.o(.ARM.Collect$$libinit$$00000000) refers (Special) to libinit2.o(.ARM.Collect$$libinit$$0000000A) for __rt_lib_init_heap_1
    libinit.o(.ARM.Collect$$libinit$$00000000) refers (Special) to libinit2.o(.ARM.Collect$$libinit$$00000011) for __rt_lib_init_lc_collate_1
    libinit.o(.ARM.Collect$$libinit$$00000000) refers (Special) to libinit2.o(.ARM.Collect$$libinit$$00000013) for __rt_lib_init_lc_ctype_1
    libinit.o(.ARM.Collect$$libinit$$00000000) refers (Special) to libinit2.o(.ARM.Collect$$libinit$$00000015) for __rt_lib_init_lc_monetary_1
    libinit.o(.ARM.Collect$$libinit$$00000000) refers (Special) to libinit2.o(.ARM.Collect$$libinit$$00000017) for __rt_lib_init_lc_numeric_1
    libinit.o(.ARM.Collect$$libinit$$00000000) refers (Special) to libinit2.o(.ARM.Collect$$libinit$$00000019) for __rt_lib_init_lc_time_1
    libinit.o(.ARM.Collect$$libinit$$00000000) refers (Special) to libinit2.o(.ARM.Collect$$libinit$$00000004) for __rt_lib_init_preinit_1
    libinit.o(.ARM.Collect$$libinit$$00000000) refers (Special) to libinit2.o(.ARM.Collect$$libinit$$0000000E) for __rt_lib_init_rand_1
    libinit.o(.ARM.Collect$$libinit$$00000000) refers (Special) to libinit2.o(.ARM.Collect$$libinit$$00000033) for __rt_lib_init_return
    libinit.o(.ARM.Collect$$libinit$$00000000) refers (Special) to libinit2.o(.ARM.Collect$$libinit$$0000001D) for __rt_lib_init_signal_1
    libinit.o(.ARM.Collect$$libinit$$00000000) refers (Special) to libinit2.o(.ARM.Collect$$libinit$$00000025) for __rt_lib_init_stdio_1
    libinit.o(.ARM.Collect$$libinit$$00000000) refers (Special) to libinit2.o(.ARM.Collect$$libinit$$0000000C) for __rt_lib_init_user_alloc_1
    sys_exit.o(.text) refers (Special) to use_no_semi.o(.text) for __I$use$semihosting
    sys_exit.o(.text) refers (Special) to indicate_semi.o(.text) for __semihosting_library_function
    rtexit.o(.ARM.Collect$$rtexit$$00000000) refers (Special) to rtexit2.o(.ARM.Collect$$rtexit$$00000004) for __rt_exit_exit
    rtexit.o(.ARM.Collect$$rtexit$$00000000) refers (Special) to rtexit2.o(.ARM.Collect$$rtexit$$00000003) for __rt_exit_ls
    rtexit.o(.ARM.Collect$$rtexit$$00000000) refers (Special) to rtexit2.o(.ARM.Collect$$rtexit$$00000002) for __rt_exit_prels_1
    rtexit.o(.ARM.exidx) refers (Special) to rtexit2.o(.ARM.Collect$$rtexit$$00000004) for __rt_exit_exit
    rtexit.o(.ARM.exidx) refers (Special) to rtexit2.o(.ARM.Collect$$rtexit$$00000003) for __rt_exit_ls
    rtexit.o(.ARM.exidx) refers (Special) to rtexit2.o(.ARM.Collect$$rtexit$$00000002) for __rt_exit_prels_1
    rtexit.o(.ARM.exidx) refers to rtexit.o(.ARM.Collect$$rtexit$$00000000) for .ARM.Collect$$rtexit$$00000000
    __raise.o(.text) refers to defsig.o(CL$$defsig) for __default_signal_handler
    defsig_general.o(.text) refers to sys_wrch.o(.text) for _ttywrch
    libshutdown2.o(.ARM.Collect$$libshutdown$$0000000D) refers (Weak) to term_alloc.o(.text) for _terminate_alloc
    sys_wrch.o(.text) refers (Special) to use_no_semi.o(.text) for __I$use$semihosting
    sys_wrch.o(.text) refers (Special) to indicate_semi.o(.text) for __semihosting_library_function
    rtexit2.o(.ARM.Collect$$rtexit$$00000003) refers to libshutdown.o(.ARM.Collect$$libshutdown$$00000000) for __rt_lib_shutdown
    rtexit2.o(.ARM.Collect$$rtexit$$00000004) refers to sys_exit.o(.text) for _sys_exit
    rtexit2.o(.ARM.exidx) refers to rtexit2.o(.ARM.Collect$$rtexit$$00000001) for .ARM.Collect$$rtexit$$00000001
    rtexit2.o(.ARM.exidx) refers to rtexit2.o(.ARM.Collect$$rtexit$$00000003) for .ARM.Collect$$rtexit$$00000003
    rtexit2.o(.ARM.exidx) refers to rtexit2.o(.ARM.Collect$$rtexit$$00000004) for .ARM.Collect$$rtexit$$00000004
    defsig.o(CL$$defsig) refers to defsig_rtmem_inner.o(.text) for __rt_SIGRTMEM_inner
    defsig_abrt_inner.o(.text) refers to defsig_general.o(.text) for __default_signal_display
    defsig_fpe_inner.o(.text) refers to defsig_general.o(.text) for __default_signal_display
    defsig_rtred_inner.o(.text) refers to defsig_general.o(.text) for __default_signal_display
    defsig_stak_inner.o(.text) refers to defsig_general.o(.text) for __default_signal_display
    defsig_pvfn_inner.o(.text) refers to defsig_general.o(.text) for __default_signal_display
    defsig_cppl_inner.o(.text) refers to defsig_general.o(.text) for __default_signal_display
    defsig_segv_inner.o(.text) refers to defsig_general.o(.text) for __default_signal_display
    defsig_other.o(.text) refers to defsig_general.o(.text) for __default_signal_display
    libshutdown.o(.ARM.Collect$$libshutdown$$00000000) refers (Special) to libshutdown2.o(.ARM.Collect$$libshutdown$$00000002) for __rt_lib_shutdown_cpp_1
    libshutdown.o(.ARM.Collect$$libshutdown$$00000000) refers (Special) to libshutdown2.o(.ARM.Collect$$libshutdown$$00000007) for __rt_lib_shutdown_fp_trap_1
    libshutdown.o(.ARM.Collect$$libshutdown$$00000000) refers (Special) to libshutdown2.o(.ARM.Collect$$libshutdown$$0000000F) for __rt_lib_shutdown_heap_1
    libshutdown.o(.ARM.Collect$$libshutdown$$00000000) refers (Special) to libshutdown2.o(.ARM.Collect$$libshutdown$$00000010) for __rt_lib_shutdown_return
    libshutdown.o(.ARM.Collect$$libshutdown$$00000000) refers (Special) to libshutdown2.o(.ARM.Collect$$libshutdown$$0000000A) for __rt_lib_shutdown_signal_1
    libshutdown.o(.ARM.Collect$$libshutdown$$00000000) refers (Special) to libshutdown2.o(.ARM.Collect$$libshutdown$$00000004) for __rt_lib_shutdown_stdio_1
    libshutdown.o(.ARM.Collect$$libshutdown$$00000000) refers (Special) to libshutdown2.o(.ARM.Collect$$libshutdown$$0000000C) for __rt_lib_shutdown_user_alloc_1


==============================================================================

Removing Unused input sections from the image.

    Removing main.o(.rev16_text), (4 bytes).
    Removing main.o(.revsh_text), (4 bytes).
    Removing main.o(.rrx_text), (6 bytes).
    Removing gpio.o(.rev16_text), (4 bytes).
    Removing gpio.o(.revsh_text), (4 bytes).
    Removing gpio.o(.rrx_text), (6 bytes).
    Removing gpio.o(i.GPIO_ReadPin), (28 bytes).
    Removing system_timer.o(.rev16_text), (4 bytes).
    Removing system_timer.o(.revsh_text), (4 bytes).
    Removing system_timer.o(.rrx_text), (6 bytes).
    Removing system_timer.o(i.get_Systick), (12 bytes).
    Removing system_timer.o(i.set_Systick), (38 bytes).
    Removing uart.o(.rev16_text), (4 bytes).
    Removing uart.o(.revsh_text), (4 bytes).
    Removing uart.o(.rrx_text), (6 bytes).
    Removing uart.o(i.UART_Transmitt), (28 bytes).
    Removing uart.o(i.UART_configure_USART1), (148 bytes).
    Removing uart.o(i.UART_init), (8 bytes).
    Removing uart.o(.data), (12 bytes).
    Removing spi.o(.rev16_text), (4 bytes).
    Removing spi.o(.revsh_text), (4 bytes).
    Removing spi.o(.rrx_text), (6 bytes).
    Removing spi.o(i.SPI1_Configuration), (148 bytes).
    Removing spi.o(i.SPI_init), (8 bytes).
    Removing nokia_5110_lcd.o(.rev16_text), (4 bytes).
    Removing nokia_5110_lcd.o(.revsh_text), (4 bytes).
    Removing nokia_5110_lcd.o(.rrx_text), (6 bytes).
    Removing nokia_5110_lcd.o(i.NOKIA_5110_dtor), (14 bytes).
    Removing nokia_5110_lcd.o(i.NOKIA_set_X), (20 bytes).
    Removing nokia_5110_lcd.o(i.NOKIA_set_Y), (20 bytes).
    Removing system_stm32f10x.o(.rev16_text), (4 bytes).
    Removing system_stm32f10x.o(.revsh_text), (4 bytes).
    Removing system_stm32f10x.o(.rrx_text), (6 bytes).
    Removing system_stm32f10x.o(i.SystemCoreClockUpdate), (164 bytes).
    Removing system_stm32f10x.o(.data), (20 bytes).

35 unused section(s) (total 766 bytes) removed from the image.

==============================================================================

Image Symbol Table

    Local Symbols

    Symbol Name                              Value     Ov Type        Size  Object(Section)

    ../clib/angel/boardlib.s                 0x00000000   Number         0  boardinit1.o ABSOLUTE
    ../clib/angel/boardlib.s                 0x00000000   Number         0  boardinit2.o ABSOLUTE
    ../clib/angel/boardlib.s                 0x00000000   Number         0  boardshut.o ABSOLUTE
    ../clib/angel/boardlib.s                 0x00000000   Number         0  boardinit3.o ABSOLUTE
    ../clib/angel/handlers.s                 0x00000000   Number         0  __scatter_zi.o ABSOLUTE
    ../clib/angel/handlers.s                 0x00000000   Number         0  __scatter_copy.o ABSOLUTE
    ../clib/angel/kernel.s                   0x00000000   Number         0  __rtentry4.o ABSOLUTE
    ../clib/angel/kernel.s                   0x00000000   Number         0  rtexit2.o ABSOLUTE
    ../clib/angel/kernel.s                   0x00000000   Number         0  __rtentry.o ABSOLUTE
    ../clib/angel/kernel.s                   0x00000000   Number         0  rtexit.o ABSOLUTE
    ../clib/angel/kernel.s                   0x00000000   Number         0  __rtentry2.o ABSOLUTE
    ../clib/angel/rt.s                       0x00000000   Number         0  rt_heap_descriptor_intlibspace.o ABSOLUTE
    ../clib/angel/rt.s                       0x00000000   Number         0  rt_heap_descriptor.o ABSOLUTE
    ../clib/angel/rt.s                       0x00000000   Number         0  rt_raise.o ABSOLUTE
    ../clib/angel/scatter.s                  0x00000000   Number         0  __scatter.o ABSOLUTE
    ../clib/angel/startup.s                  0x00000000   Number         0  __main.o ABSOLUTE
    ../clib/angel/sys.s                      0x00000000   Number         0  mutex_dummy.o ABSOLUTE
    ../clib/angel/sys.s                      0x00000000   Number         0  use_no_semi.o ABSOLUTE
    ../clib/angel/sys.s                      0x00000000   Number         0  indicate_semi.o ABSOLUTE
    ../clib/angel/sys.s                      0x00000000   Number         0  sys_stackheap_outer.o ABSOLUTE
    ../clib/angel/sys.s                      0x00000000   Number         0  libspace.o ABSOLUTE
    ../clib/angel/sysapp.c                   0x00000000   Number         0  sys_wrch.o ABSOLUTE
    ../clib/angel/sysapp.c                   0x00000000   Number         0  sys_exit.o ABSOLUTE
    ../clib/angel/sysapp.c                   0x00000000   Number         0  sys_command.o ABSOLUTE
    ../clib/armsys.c                         0x00000000   Number         0  _get_argv.o ABSOLUTE
    ../clib/armsys.c                         0x00000000   Number         0  argv_veneer.o ABSOLUTE
    ../clib/armsys.c                         0x00000000   Number         0  argv_veneer.o ABSOLUTE
    ../clib/armsys.c                         0x00000000   Number         0  no_argv.o ABSOLUTE
    ../clib/armsys.c                         0x00000000   Number         0  _get_argv_nomalloc.o ABSOLUTE
    ../clib/heap1.c                          0x00000000   Number         0  h1_final_mt.o ABSOLUTE
    ../clib/heap1.c                          0x00000000   Number         0  h1_final.o ABSOLUTE
    ../clib/heap1.c                          0x00000000   Number         0  h1_init_mt.o ABSOLUTE
    ../clib/heap1.c                          0x00000000   Number         0  h1_extend_mt.o ABSOLUTE
    ../clib/heap1.c                          0x00000000   Number         0  h1_extend.o ABSOLUTE
    ../clib/heap1.c                          0x00000000   Number         0  h1_alloc.o ABSOLUTE
    ../clib/heap1.c                          0x00000000   Number         0  h1_free.o ABSOLUTE
    ../clib/heap1.c                          0x00000000   Number         0  h1_alloc_mt.o ABSOLUTE
    ../clib/heap1.c                          0x00000000   Number         0  h1_free_mt.o ABSOLUTE
    ../clib/heap1.c                          0x00000000   Number         0  h1_init.o ABSOLUTE
    ../clib/heap2.c                          0x00000000   Number         0  heap2.o ABSOLUTE
    ../clib/heap2.c                          0x00000000   Number         0  fdtree.o ABSOLUTE
    ../clib/heap2.c                          0x00000000   Number         0  heap2mt.o ABSOLUTE
    ../clib/heapalloc.c                      0x00000000   Number         0  maybetermalloc1.o ABSOLUTE
    ../clib/heapalloc.c                      0x00000000   Number         0  term_alloc.o ABSOLUTE
    ../clib/heapalloc.c                      0x00000000   Number         0  maybetermalloc2.o ABSOLUTE
    ../clib/heapalloc.c                      0x00000000   Number         0  maybetermalloc2.o ABSOLUTE
    ../clib/heapalloc.c                      0x00000000   Number         0  heapstubs.o ABSOLUTE
    ../clib/heapalloc.c                      0x00000000   Number         0  init_alloc.o ABSOLUTE
    ../clib/heapalloc.c                      0x00000000   Number         0  hrguard.o ABSOLUTE
    ../clib/heapalloc.c                      0x00000000   Number         0  hguard.o ABSOLUTE
    ../clib/heapalloc.c                      0x00000000   Number         0  maybetermalloc1.o ABSOLUTE
    ../clib/heapalloc.c                      0x00000000   Number         0  free.o ABSOLUTE
    ../clib/heapalloc.c                      0x00000000   Number         0  malloc.o ABSOLUTE
    ../clib/heapaux.c                        0x00000000   Number         0  heapauxa.o ABSOLUTE
    ../clib/heapaux.c                        0x00000000   Number         0  heapauxi.o ABSOLUTE
    ../clib/libinit.s                        0x00000000   Number         0  libinit2.o ABSOLUTE
    ../clib/libinit.s                        0x00000000   Number         0  libshutdown.o ABSOLUTE
    ../clib/libinit.s                        0x00000000   Number         0  libshutdown2.o ABSOLUTE
    ../clib/libinit.s                        0x00000000   Number         0  libinit.o ABSOLUTE
    ../clib/memcpset.s                       0x00000000   Number         0  rt_memcpy_w.o ABSOLUTE
    ../clib/signal.c                         0x00000000   Number         0  defsig_other.o ABSOLUTE
    ../clib/signal.c                         0x00000000   Number         0  defsig_fpe_inner.o ABSOLUTE
    ../clib/signal.c                         0x00000000   Number         0  defsig_rtred_inner.o ABSOLUTE
    ../clib/signal.c                         0x00000000   Number         0  defsig_stak_inner.o ABSOLUTE
    ../clib/signal.c                         0x00000000   Number         0  defsig_segv_inner.o ABSOLUTE
    ../clib/signal.c                         0x00000000   Number         0  defsig_cppl_inner.o ABSOLUTE
    ../clib/signal.c                         0x00000000   Number         0  defsig_pvfn_inner.o ABSOLUTE
    ../clib/signal.c                         0x00000000   Number         0  defsig_rtmem_inner.o ABSOLUTE
    ../clib/signal.c                         0x00000000   Number         0  defsig_rtmem_formal.o ABSOLUTE
    ../clib/signal.c                         0x00000000   Number         0  defsig_rtmem_outer.o ABSOLUTE
    ../clib/signal.c                         0x00000000   Number         0  __raise.o ABSOLUTE
    ../clib/signal.c                         0x00000000   Number         0  defsig_exit.o ABSOLUTE
    ../clib/signal.c                         0x00000000   Number         0  defsig_general.o ABSOLUTE
    ../clib/signal.c                         0x00000000   Number         0  defsig_abrt_inner.o ABSOLUTE
    ../clib/signal.s                         0x00000000   Number         0  defsig.o ABSOLUTE
    ../clib/stdlib.c                         0x00000000   Number         0  exit.o ABSOLUTE
    ../fplib/fpinit.s                        0x00000000   Number         0  fpinit.o ABSOLUTE
    RTE\Device\STM32F103C8\startup_stm32f10x_md.s 0x00000000   Number         0  startup_stm32f10x_md.o ABSOLUTE
    RTE\Device\STM32F103C8\system_stm32f10x.c 0x00000000   Number         0  system_stm32f10x.o ABSOLUTE
    RTE\\Device\\STM32F103C8\\system_stm32f10x.c 0x00000000   Number         0  system_stm32f10x.o ABSOLUTE
    User-defined lib\Nokia_5110_LCD.c        0x00000000   Number         0  nokia_5110_lcd.o ABSOLUTE
    User-defined lib\\Nokia_5110_LCD.c       0x00000000   Number         0  nokia_5110_lcd.o ABSOLUTE
    Users\Src\GPIO.c                         0x00000000   Number         0  gpio.o ABSOLUTE
    Users\Src\SPI.c                          0x00000000   Number         0  spi.o ABSOLUTE
    Users\Src\UART.c                         0x00000000   Number         0  uart.o ABSOLUTE
    Users\Src\main.c                         0x00000000   Number         0  main.o ABSOLUTE
    Users\Src\system_timer.c                 0x00000000   Number         0  system_timer.o ABSOLUTE
    Users\\Src\\GPIO.c                       0x00000000   Number         0  gpio.o ABSOLUTE
    Users\\Src\\SPI.c                        0x00000000   Number         0  spi.o ABSOLUTE
    Users\\Src\\UART.c                       0x00000000   Number         0  uart.o ABSOLUTE
    Users\\Src\\main.c                       0x00000000   Number         0  main.o ABSOLUTE
    Users\\Src\\system_timer.c               0x00000000   Number         0  system_timer.o ABSOLUTE
    dc.s                                     0x00000000   Number         0  dc.o ABSOLUTE
    RESET                                    0x08000000   Section      236  startup_stm32f10x_md.o(RESET)
    !!!main                                  0x080000ec   Section        8  __main.o(!!!main)
    !!!scatter                               0x080000f4   Section       52  __scatter.o(!!!scatter)
    !!handler_copy                           0x08000128   Section       26  __scatter_copy.o(!!handler_copy)
    !!handler_zi                             0x08000144   Section       28  __scatter_zi.o(!!handler_zi)
    .ARM.Collect$$libinit$$00000000          0x08000160   Section        2  libinit.o(.ARM.Collect$$libinit$$00000000)
    .ARM.Collect$$libinit$$00000002          0x08000162   Section        0  libinit2.o(.ARM.Collect$$libinit$$00000002)
    .ARM.Collect$$libinit$$00000004          0x08000162   Section        0  libinit2.o(.ARM.Collect$$libinit$$00000004)
    .ARM.Collect$$libinit$$00000005          0x08000162   Section        8  libinit2.o(.ARM.Collect$$libinit$$00000005)
    .ARM.Collect$$libinit$$0000000A          0x0800016a   Section        0  libinit2.o(.ARM.Collect$$libinit$$0000000A)
    .ARM.Collect$$libinit$$0000000C          0x0800016a   Section        0  libinit2.o(.ARM.Collect$$libinit$$0000000C)
    .ARM.Collect$$libinit$$0000000E          0x0800016a   Section        0  libinit2.o(.ARM.Collect$$libinit$$0000000E)
    .ARM.Collect$$libinit$$00000011          0x0800016a   Section        0  libinit2.o(.ARM.Collect$$libinit$$00000011)
    .ARM.Collect$$libinit$$00000013          0x0800016a   Section        0  libinit2.o(.ARM.Collect$$libinit$$00000013)
    .ARM.Collect$$libinit$$00000015          0x0800016a   Section        0  libinit2.o(.ARM.Collect$$libinit$$00000015)
    .ARM.Collect$$libinit$$00000017          0x0800016a   Section        0  libinit2.o(.ARM.Collect$$libinit$$00000017)
    .ARM.Collect$$libinit$$00000019          0x0800016a   Section        0  libinit2.o(.ARM.Collect$$libinit$$00000019)
    .ARM.Collect$$libinit$$0000001B          0x0800016a   Section        0  libinit2.o(.ARM.Collect$$libinit$$0000001B)
    .ARM.Collect$$libinit$$0000001D          0x0800016a   Section        0  libinit2.o(.ARM.Collect$$libinit$$0000001D)
    .ARM.Collect$$libinit$$0000001F          0x0800016a   Section        0  libinit2.o(.ARM.Collect$$libinit$$0000001F)
    .ARM.Collect$$libinit$$00000021          0x0800016a   Section        0  libinit2.o(.ARM.Collect$$libinit$$00000021)
    .ARM.Collect$$libinit$$00000023          0x0800016a   Section        0  libinit2.o(.ARM.Collect$$libinit$$00000023)
    .ARM.Collect$$libinit$$00000025          0x0800016a   Section        0  libinit2.o(.ARM.Collect$$libinit$$00000025)
    .ARM.Collect$$libinit$$0000002C          0x0800016a   Section        0  libinit2.o(.ARM.Collect$$libinit$$0000002C)
    .ARM.Collect$$libinit$$0000002E          0x0800016a   Section        0  libinit2.o(.ARM.Collect$$libinit$$0000002E)
    .ARM.Collect$$libinit$$00000030          0x0800016a   Section        0  libinit2.o(.ARM.Collect$$libinit$$00000030)
    .ARM.Collect$$libinit$$00000032          0x0800016a   Section        0  libinit2.o(.ARM.Collect$$libinit$$00000032)
    .ARM.Collect$$libinit$$00000033          0x0800016a   Section        2  libinit2.o(.ARM.Collect$$libinit$$00000033)
    .ARM.Collect$$libshutdown$$00000000      0x0800016c   Section        2  libshutdown.o(.ARM.Collect$$libshutdown$$00000000)
    .ARM.Collect$$libshutdown$$00000002      0x0800016e   Section        0  libshutdown2.o(.ARM.Collect$$libshutdown$$00000002)
    .ARM.Collect$$libshutdown$$00000004      0x0800016e   Section        0  libshutdown2.o(.ARM.Collect$$libshutdown$$00000004)
    .ARM.Collect$$libshutdown$$00000007      0x0800016e   Section        0  libshutdown2.o(.ARM.Collect$$libshutdown$$00000007)
    .ARM.Collect$$libshutdown$$0000000A      0x0800016e   Section        0  libshutdown2.o(.ARM.Collect$$libshutdown$$0000000A)
    .ARM.Collect$$libshutdown$$0000000C      0x0800016e   Section        0  libshutdown2.o(.ARM.Collect$$libshutdown$$0000000C)
    .ARM.Collect$$libshutdown$$0000000F      0x0800016e   Section        0  libshutdown2.o(.ARM.Collect$$libshutdown$$0000000F)
    .ARM.Collect$$libshutdown$$00000010      0x0800016e   Section        2  libshutdown2.o(.ARM.Collect$$libshutdown$$00000010)
    .ARM.Collect$$rtentry$$00000000          0x08000170   Section        0  __rtentry.o(.ARM.Collect$$rtentry$$00000000)
    .ARM.Collect$$rtentry$$00000002          0x08000170   Section        0  __rtentry2.o(.ARM.Collect$$rtentry$$00000002)
    .ARM.Collect$$rtentry$$00000004          0x08000170   Section        6  __rtentry4.o(.ARM.Collect$$rtentry$$00000004)
    .ARM.Collect$$rtentry$$00000009          0x08000176   Section        0  __rtentry2.o(.ARM.Collect$$rtentry$$00000009)
    .ARM.Collect$$rtentry$$0000000A          0x08000176   Section        4  __rtentry2.o(.ARM.Collect$$rtentry$$0000000A)
    .ARM.Collect$$rtentry$$0000000C          0x0800017a   Section        0  __rtentry2.o(.ARM.Collect$$rtentry$$0000000C)
    .ARM.Collect$$rtentry$$0000000D          0x0800017a   Section        8  __rtentry2.o(.ARM.Collect$$rtentry$$0000000D)
    .ARM.Collect$$rtexit$$00000000           0x08000182   Section        2  rtexit.o(.ARM.Collect$$rtexit$$00000000)
    .ARM.Collect$$rtexit$$00000002           0x08000184   Section        0  rtexit2.o(.ARM.Collect$$rtexit$$00000002)
    .ARM.Collect$$rtexit$$00000003           0x08000184   Section        4  rtexit2.o(.ARM.Collect$$rtexit$$00000003)
    .ARM.Collect$$rtexit$$00000004           0x08000188   Section        6  rtexit2.o(.ARM.Collect$$rtexit$$00000004)
    .emb_text                                0x08000190   Section        0  maybetermalloc1.o(.emb_text)
    .text                                    0x08000190   Section       64  startup_stm32f10x_md.o(.text)
    .text                                    0x080001d0   Section        0  h1_alloc.o(.text)
    .text                                    0x0800022e   Section        0  h1_free.o(.text)
    .text                                    0x0800027c   Section        0  heapauxi.o(.text)
    .text                                    0x08000284   Section        8  rt_heap_descriptor_intlibspace.o(.text)
    .text                                    0x0800028c   Section        0  hguard.o(.text)
    .text                                    0x08000290   Section        0  init_alloc.o(.text)
    .text                                    0x0800031a   Section        0  h1_init.o(.text)
    .text                                    0x08000328   Section        8  libspace.o(.text)
    .text                                    0x08000330   Section        0  h1_extend.o(.text)
    .text                                    0x08000364   Section        0  defsig_rtmem_outer.o(.text)
    .text                                    0x08000372   Section        2  use_no_semi.o(.text)
    .text                                    0x08000374   Section       74  sys_stackheap_outer.o(.text)
    .text                                    0x08000374   Section        0  indicate_semi.o(.text)
    .text                                    0x080003be   Section        0  exit.o(.text)
    .text                                    0x080003d0   Section        0  defsig_exit.o(.text)
    .text                                    0x080003dc   Section        0  defsig_rtmem_inner.o(.text)
    .text                                    0x0800042c   Section        0  sys_exit.o(.text)
    .text                                    0x08000438   Section        0  defsig_general.o(.text)
    .text                                    0x0800046a   Section        0  sys_wrch.o(.text)
    i.Delay_ms_tick                          0x08000478   Section        0  system_timer.o(i.Delay_ms_tick)
    i.EXTI0_IRQHandler                       0x0800048c   Section        0  gpio.o(i.EXTI0_IRQHandler)
    i.EX_Interrupt_configurtation_A          0x080004b4   Section        0  gpio.o(i.EX_Interrupt_configurtation_A)
    EX_Interrupt_configurtation_A            0x080004b5   Thumb Code    66  gpio.o(i.EX_Interrupt_configurtation_A)
    i.GPIO_Initialization                    0x08000500   Section        0  gpio.o(i.GPIO_Initialization)
    i.GPIO_WritePin                          0x08000520   Section        0  gpio.o(i.GPIO_WritePin)
    i.GPIO_configure_GPIOA                   0x08000544   Section        0  gpio.o(i.GPIO_configure_GPIOA)
    GPIO_configure_GPIOA                     0x08000545   Thumb Code   130  gpio.o(i.GPIO_configure_GPIOA)
    i.GPIO_configure_GPIOA                   0x080005d0   Section        0  nokia_5110_lcd.o(i.GPIO_configure_GPIOA)
    GPIO_configure_GPIOA                     0x080005d1   Thumb Code   204  nokia_5110_lcd.o(i.GPIO_configure_GPIOA)
    i.GPIO_configure_GPIOC                   0x080006a4   Section        0  gpio.o(i.GPIO_configure_GPIOC)
    GPIO_configure_GPIOC                     0x080006a5   Thumb Code    48  gpio.o(i.GPIO_configure_GPIOC)
    i.NOKIA_5110_ctor                        0x080006dc   Section        0  nokia_5110_lcd.o(i.NOKIA_5110_ctor)
    i.NOKIA_Init                             0x0800072c   Section        0  nokia_5110_lcd.o(i.NOKIA_Init)
    i.NOKIA_set_single_data                  0x0800078c   Section        0  nokia_5110_lcd.o(i.NOKIA_set_single_data)
    i.SPI1_Configuration                     0x080007bc   Section        0  nokia_5110_lcd.o(i.SPI1_Configuration)
    SPI1_Configuration                       0x080007bd   Thumb Code   142  nokia_5110_lcd.o(i.SPI1_Configuration)
    i.SPI1_IRQHandler                        0x08000850   Section        0  spi.o(i.SPI1_IRQHandler)
    i.SPI1_TXE_interrupt                     0x08000870   Section        0  spi.o(i.SPI1_TXE_interrupt)
    SPI1_TXE_interrupt                       0x08000871   Thumb Code    56  spi.o(i.SPI1_TXE_interrupt)
    i.SPI1_cplt_Transmitt                    0x080008b0   Section        0  spi.o(i.SPI1_cplt_Transmitt)
    i.SPI_Write                              0x080008f4   Section        0  spi.o(i.SPI_Write)
    i.SetSysClock                            0x08000918   Section        0  system_stm32f10x.o(i.SetSysClock)
    SetSysClock                              0x08000919   Thumb Code     8  system_stm32f10x.o(i.SetSysClock)
    i.SetSysClockTo72                        0x08000920   Section        0  system_stm32f10x.o(i.SetSysClockTo72)
    SetSysClockTo72                          0x08000921   Thumb Code   214  system_stm32f10x.o(i.SetSysClockTo72)
    i.SysTick_Handler                        0x08000a00   Section        0  system_timer.o(i.SysTick_Handler)
    i.SystemInit                             0x08000a1c   Section        0  system_stm32f10x.o(i.SystemInit)
    i.Systick_Initialization                 0x08000a7c   Section        0  system_timer.o(i.Systick_Initialization)
    i.UART_Receive                           0x08000acc   Section        0  uart.o(i.UART_Receive)
    i.USART1_IRQHandler                      0x08000ae8   Section        0  uart.o(i.USART1_IRQHandler)
    i.USART1_RXE_interrupt                   0x08000b34   Section        0  uart.o(i.USART1_RXE_interrupt)
    USART1_RXE_interrupt                     0x08000b35   Thumb Code    42  uart.o(i.USART1_RXE_interrupt)
    i.USART1_TXE_interrupt                   0x08000b68   Section        0  uart.o(i.USART1_TXE_interrupt)
    USART1_TXE_interrupt                     0x08000b69   Thumb Code    66  uart.o(i.USART1_TXE_interrupt)
    i.USART1_cplt_Receive                    0x08000bb4   Section        0  uart.o(i.USART1_cplt_Receive)
    i.USART1_cplt_Transmitt                  0x08000bf0   Section        0  uart.o(i.USART1_cplt_Transmitt)
    i.main                                   0x08000c1c   Section        0  main.o(i.main)
    .constdata                               0x08000c68   Section      128  gpio.o(.constdata)
    .data                                    0x20000000   Section       16  main.o(.data)
    .data                                    0x20000010   Section        1  gpio.o(.data)
    .data                                    0x20000014   Section        4  system_timer.o(.data)
    .data                                    0x20000018   Section        1  nokia_5110_lcd.o(.data)
    .bss                                     0x2000001c   Section       11  main.o(.bss)
    .bss                                     0x20000028   Section       48  uart.o(.bss)
    USART2_data_container_str                0x20000034   Data          12  uart.o(.bss)
    USART3_data_container_str                0x20000040   Data          12  uart.o(.bss)
    USART4_data_container_str                0x2000004c   Data          12  uart.o(.bss)
    .bss                                     0x20000058   Section       24  spi.o(.bss)
    SPI1_data_container_str                  0x20000058   Data          12  spi.o(.bss)
    SPI2_data_container_str                  0x20000064   Data          12  spi.o(.bss)
    .bss                                     0x20000070   Section       96  libspace.o(.bss)
    HEAP                                     0x200000d0   Section      512  startup_stm32f10x_md.o(HEAP)
    Heap_Mem                                 0x200000d0   Data         512  startup_stm32f10x_md.o(HEAP)
    STACK                                    0x200002d0   Section     1024  startup_stm32f10x_md.o(STACK)
    Stack_Mem                                0x200002d0   Data        1024  startup_stm32f10x_md.o(STACK)
    __initial_sp                             0x200006d0   Data           0  startup_stm32f10x_md.o(STACK)

    Global Symbols

    Symbol Name                              Value     Ov Type        Size  Object(Section)

    BuildAttributes$$THM_ISAv4$P$D$K$B$S$PE$A:L22UL41UL21$X:L11$S22US41US21$IEEE1$IW$USESV6$~STKCKD$USESV7$~SHL$OTIME$ROPI$EBA8$UX$STANDARDLIB$REQ8$PRES8$EABIv2 0x00000000   Number         0  anon$$obj.o ABSOLUTE
    __ARM_use_no_argv                        0x00000000   Number         0  main.o ABSOLUTE
    __ARM_exceptions_init                     - Undefined Weak Reference
    __alloca_initialize                       - Undefined Weak Reference
    __arm_preinit_                            - Undefined Weak Reference
    __cpp_initialize__aeabi_                  - Undefined Weak Reference
    __cxa_finalize                            - Undefined Weak Reference
    __rt_locale                               - Undefined Weak Reference
    __sigvec_lookup                           - Undefined Weak Reference
    __user_heap_extent                        - Undefined Weak Reference
    _atexit_init                              - Undefined Weak Reference
    _call_atexit_fns                          - Undefined Weak Reference
    _clock_init                               - Undefined Weak Reference
    _fp_trap_init                             - Undefined Weak Reference
    _fp_trap_shutdown                         - Undefined Weak Reference
    _get_lc_collate                           - Undefined Weak Reference
    _get_lc_ctype                             - Undefined Weak Reference
    _get_lc_monetary                          - Undefined Weak Reference
    _get_lc_numeric                           - Undefined Weak Reference
    _get_lc_time                              - Undefined Weak Reference
    _getenv_init                              - Undefined Weak Reference
    _handle_redirection                       - Undefined Weak Reference
    _initio                                   - Undefined Weak Reference
    _mutex_acquire                            - Undefined Weak Reference
    _mutex_free                               - Undefined Weak Reference
    _mutex_release                            - Undefined Weak Reference
    _rand_init                                - Undefined Weak Reference
    _signal_finish                            - Undefined Weak Reference
    _signal_init                              - Undefined Weak Reference
    _terminateio                              - Undefined Weak Reference
    __Vectors_Size                           0x000000ec   Number         0  startup_stm32f10x_md.o ABSOLUTE
    __Vectors                                0x08000000   Data           4  startup_stm32f10x_md.o(RESET)
    __Vectors_End                            0x080000ec   Data           0  startup_stm32f10x_md.o(RESET)
    __main                                   0x080000ed   Thumb Code     8  __main.o(!!!main)
    __scatterload                            0x080000f5   Thumb Code     0  __scatter.o(!!!scatter)
    __scatterload_rt2                        0x080000f5   Thumb Code    44  __scatter.o(!!!scatter)
    __scatterload_rt2_thumb_only             0x080000f5   Thumb Code     0  __scatter.o(!!!scatter)
    __scatterload_null                       0x08000103   Thumb Code     0  __scatter.o(!!!scatter)
    __scatterload_copy                       0x08000129   Thumb Code    26  __scatter_copy.o(!!handler_copy)
    __scatterload_zeroinit                   0x08000145   Thumb Code    28  __scatter_zi.o(!!handler_zi)
    __rt_lib_init                            0x08000161   Thumb Code     0  libinit.o(.ARM.Collect$$libinit$$00000000)
    __rt_lib_init_fp_1                       0x08000163   Thumb Code     0  libinit2.o(.ARM.Collect$$libinit$$00000002)
    __rt_lib_init_heap_2                     0x08000163   Thumb Code     0  libinit2.o(.ARM.Collect$$libinit$$00000005)
    __rt_lib_init_preinit_1                  0x08000163   Thumb Code     0  libinit2.o(.ARM.Collect$$libinit$$00000004)
    __rt_lib_init_alloca_1                   0x0800016b   Thumb Code     0  libinit2.o(.ARM.Collect$$libinit$$0000002E)
    __rt_lib_init_argv_1                     0x0800016b   Thumb Code     0  libinit2.o(.ARM.Collect$$libinit$$0000002C)
    __rt_lib_init_atexit_1                   0x0800016b   Thumb Code     0  libinit2.o(.ARM.Collect$$libinit$$0000001B)
    __rt_lib_init_clock_1                    0x0800016b   Thumb Code     0  libinit2.o(.ARM.Collect$$libinit$$00000021)
    __rt_lib_init_cpp_1                      0x0800016b   Thumb Code     0  libinit2.o(.ARM.Collect$$libinit$$00000032)
    __rt_lib_init_exceptions_1               0x0800016b   Thumb Code     0  libinit2.o(.ARM.Collect$$libinit$$00000030)
    __rt_lib_init_fp_trap_1                  0x0800016b   Thumb Code     0  libinit2.o(.ARM.Collect$$libinit$$0000001F)
    __rt_lib_init_getenv_1                   0x0800016b   Thumb Code     0  libinit2.o(.ARM.Collect$$libinit$$00000023)
    __rt_lib_init_heap_1                     0x0800016b   Thumb Code     0  libinit2.o(.ARM.Collect$$libinit$$0000000A)
    __rt_lib_init_lc_collate_1               0x0800016b   Thumb Code     0  libinit2.o(.ARM.Collect$$libinit$$00000011)
    __rt_lib_init_lc_ctype_1                 0x0800016b   Thumb Code     0  libinit2.o(.ARM.Collect$$libinit$$00000013)
    __rt_lib_init_lc_monetary_1              0x0800016b   Thumb Code     0  libinit2.o(.ARM.Collect$$libinit$$00000015)
    __rt_lib_init_lc_numeric_1               0x0800016b   Thumb Code     0  libinit2.o(.ARM.Collect$$libinit$$00000017)
    __rt_lib_init_lc_time_1                  0x0800016b   Thumb Code     0  libinit2.o(.ARM.Collect$$libinit$$00000019)
    __rt_lib_init_rand_1                     0x0800016b   Thumb Code     0  libinit2.o(.ARM.Collect$$libinit$$0000000E)
    __rt_lib_init_return                     0x0800016b   Thumb Code     0  libinit2.o(.ARM.Collect$$libinit$$00000033)
    __rt_lib_init_signal_1                   0x0800016b   Thumb Code     0  libinit2.o(.ARM.Collect$$libinit$$0000001D)
    __rt_lib_init_stdio_1                    0x0800016b   Thumb Code     0  libinit2.o(.ARM.Collect$$libinit$$00000025)
    __rt_lib_init_user_alloc_1               0x0800016b   Thumb Code     0  libinit2.o(.ARM.Collect$$libinit$$0000000C)
    __rt_lib_shutdown                        0x0800016d   Thumb Code     0  libshutdown.o(.ARM.Collect$$libshutdown$$00000000)
    __rt_lib_shutdown_cpp_1                  0x0800016f   Thumb Code     0  libshutdown2.o(.ARM.Collect$$libshutdown$$00000002)
    __rt_lib_shutdown_fp_trap_1              0x0800016f   Thumb Code     0  libshutdown2.o(.ARM.Collect$$libshutdown$$00000007)
    __rt_lib_shutdown_heap_1                 0x0800016f   Thumb Code     0  libshutdown2.o(.ARM.Collect$$libshutdown$$0000000F)
    __rt_lib_shutdown_return                 0x0800016f   Thumb Code     0  libshutdown2.o(.ARM.Collect$$libshutdown$$00000010)
    __rt_lib_shutdown_signal_1               0x0800016f   Thumb Code     0  libshutdown2.o(.ARM.Collect$$libshutdown$$0000000A)
    __rt_lib_shutdown_stdio_1                0x0800016f   Thumb Code     0  libshutdown2.o(.ARM.Collect$$libshutdown$$00000004)
    __rt_lib_shutdown_user_alloc_1           0x0800016f   Thumb Code     0  libshutdown2.o(.ARM.Collect$$libshutdown$$0000000C)
    __rt_entry                               0x08000171   Thumb Code     0  __rtentry.o(.ARM.Collect$$rtentry$$00000000)
    __rt_entry_presh_1                       0x08000171   Thumb Code     0  __rtentry2.o(.ARM.Collect$$rtentry$$00000002)
    __rt_entry_sh                            0x08000171   Thumb Code     0  __rtentry4.o(.ARM.Collect$$rtentry$$00000004)
    __rt_entry_li                            0x08000177   Thumb Code     0  __rtentry2.o(.ARM.Collect$$rtentry$$0000000A)
    __rt_entry_postsh_1                      0x08000177   Thumb Code     0  __rtentry2.o(.ARM.Collect$$rtentry$$00000009)
    __rt_entry_main                          0x0800017b   Thumb Code     0  __rtentry2.o(.ARM.Collect$$rtentry$$0000000D)
    __rt_entry_postli_1                      0x0800017b   Thumb Code     0  __rtentry2.o(.ARM.Collect$$rtentry$$0000000C)
    __rt_exit                                0x08000183   Thumb Code     0  rtexit.o(.ARM.Collect$$rtexit$$00000000)
    __rt_exit_ls                             0x08000185   Thumb Code     0  rtexit2.o(.ARM.Collect$$rtexit$$00000003)
    __rt_exit_prels_1                        0x08000185   Thumb Code     0  rtexit2.o(.ARM.Collect$$rtexit$$00000002)
    __rt_exit_exit                           0x08000189   Thumb Code     0  rtexit2.o(.ARM.Collect$$rtexit$$00000004)
    Reset_Handler                            0x08000191   Thumb Code     8  startup_stm32f10x_md.o(.text)
    _maybe_terminate_alloc                   0x08000191   Thumb Code     0  maybetermalloc1.o(.emb_text)
    NMI_Handler                              0x08000199   Thumb Code     2  startup_stm32f10x_md.o(.text)
    HardFault_Handler                        0x0800019b   Thumb Code     2  startup_stm32f10x_md.o(.text)
    MemManage_Handler                        0x0800019d   Thumb Code     2  startup_stm32f10x_md.o(.text)
    BusFault_Handler                         0x0800019f   Thumb Code     2  startup_stm32f10x_md.o(.text)
    UsageFault_Handler                       0x080001a1   Thumb Code     2  startup_stm32f10x_md.o(.text)
    SVC_Handler                              0x080001a3   Thumb Code     2  startup_stm32f10x_md.o(.text)
    DebugMon_Handler                         0x080001a5   Thumb Code     2  startup_stm32f10x_md.o(.text)
    PendSV_Handler                           0x080001a7   Thumb Code     2  startup_stm32f10x_md.o(.text)
    ADC1_2_IRQHandler                        0x080001ab   Thumb Code     0  startup_stm32f10x_md.o(.text)
    CAN1_RX1_IRQHandler                      0x080001ab   Thumb Code     0  startup_stm32f10x_md.o(.text)
    CAN1_SCE_IRQHandler                      0x080001ab   Thumb Code     0  startup_stm32f10x_md.o(.text)
    DMA1_Channel1_IRQHandler                 0x080001ab   Thumb Code     0  startup_stm32f10x_md.o(.text)
    DMA1_Channel2_IRQHandler                 0x080001ab   Thumb Code     0  startup_stm32f10x_md.o(.text)
    DMA1_Channel3_IRQHandler                 0x080001ab   Thumb Code     0  startup_stm32f10x_md.o(.text)
    DMA1_Channel4_IRQHandler                 0x080001ab   Thumb Code     0  startup_stm32f10x_md.o(.text)
    DMA1_Channel5_IRQHandler                 0x080001ab   Thumb Code     0  startup_stm32f10x_md.o(.text)
    DMA1_Channel6_IRQHandler                 0x080001ab   Thumb Code     0  startup_stm32f10x_md.o(.text)
    DMA1_Channel7_IRQHandler                 0x080001ab   Thumb Code     0  startup_stm32f10x_md.o(.text)
    EXTI15_10_IRQHandler                     0x080001ab   Thumb Code     0  startup_stm32f10x_md.o(.text)
    EXTI1_IRQHandler                         0x080001ab   Thumb Code     0  startup_stm32f10x_md.o(.text)
    EXTI2_IRQHandler                         0x080001ab   Thumb Code     0  startup_stm32f10x_md.o(.text)
    EXTI3_IRQHandler                         0x080001ab   Thumb Code     0  startup_stm32f10x_md.o(.text)
    EXTI4_IRQHandler                         0x080001ab   Thumb Code     0  startup_stm32f10x_md.o(.text)
    EXTI9_5_IRQHandler                       0x080001ab   Thumb Code     0  startup_stm32f10x_md.o(.text)
    FLASH_IRQHandler                         0x080001ab   Thumb Code     0  startup_stm32f10x_md.o(.text)
    I2C1_ER_IRQHandler                       0x080001ab   Thumb Code     0  startup_stm32f10x_md.o(.text)
    I2C1_EV_IRQHandler                       0x080001ab   Thumb Code     0  startup_stm32f10x_md.o(.text)
    I2C2_ER_IRQHandler                       0x080001ab   Thumb Code     0  startup_stm32f10x_md.o(.text)
    I2C2_EV_IRQHandler                       0x080001ab   Thumb Code     0  startup_stm32f10x_md.o(.text)
    PVD_IRQHandler                           0x080001ab   Thumb Code     0  startup_stm32f10x_md.o(.text)
    RCC_IRQHandler                           0x080001ab   Thumb Code     0  startup_stm32f10x_md.o(.text)
    RTCAlarm_IRQHandler                      0x080001ab   Thumb Code     0  startup_stm32f10x_md.o(.text)
    RTC_IRQHandler                           0x080001ab   Thumb Code     0  startup_stm32f10x_md.o(.text)
    SPI2_IRQHandler                          0x080001ab   Thumb Code     0  startup_stm32f10x_md.o(.text)
    TAMPER_IRQHandler                        0x080001ab   Thumb Code     0  startup_stm32f10x_md.o(.text)
    TIM1_BRK_IRQHandler                      0x080001ab   Thumb Code     0  startup_stm32f10x_md.o(.text)
    TIM1_CC_IRQHandler                       0x080001ab   Thumb Code     0  startup_stm32f10x_md.o(.text)
    TIM1_TRG_COM_IRQHandler                  0x080001ab   Thumb Code     0  startup_stm32f10x_md.o(.text)
    TIM1_UP_IRQHandler                       0x080001ab   Thumb Code     0  startup_stm32f10x_md.o(.text)
    TIM2_IRQHandler                          0x080001ab   Thumb Code     0  startup_stm32f10x_md.o(.text)
    TIM3_IRQHandler                          0x080001ab   Thumb Code     0  startup_stm32f10x_md.o(.text)
    TIM4_IRQHandler                          0x080001ab   Thumb Code     0  startup_stm32f10x_md.o(.text)
    USART2_IRQHandler                        0x080001ab   Thumb Code     0  startup_stm32f10x_md.o(.text)
    USART3_IRQHandler                        0x080001ab   Thumb Code     0  startup_stm32f10x_md.o(.text)
    USBWakeUp_IRQHandler                     0x080001ab   Thumb Code     0  startup_stm32f10x_md.o(.text)
    USB_HP_CAN1_TX_IRQHandler                0x080001ab   Thumb Code     0  startup_stm32f10x_md.o(.text)
    USB_LP_CAN1_RX0_IRQHandler               0x080001ab   Thumb Code     0  startup_stm32f10x_md.o(.text)
    WWDG_IRQHandler                          0x080001ab   Thumb Code     0  startup_stm32f10x_md.o(.text)
    __user_initial_stackheap                 0x080001ad   Thumb Code     0  startup_stm32f10x_md.o(.text)
    malloc                                   0x080001d1   Thumb Code    94  h1_alloc.o(.text)
    free                                     0x0800022f   Thumb Code    78  h1_free.o(.text)
    __use_two_region_memory                  0x0800027d   Thumb Code     2  heapauxi.o(.text)
    __rt_heap_escrow                         0x0800027f   Thumb Code     2  heapauxi.o(.text)
    __rt_heap_expand                         0x08000281   Thumb Code     2  heapauxi.o(.text)
    __rt_heap_descriptor                     0x08000285   Thumb Code     8  rt_heap_descriptor_intlibspace.o(.text)
    __use_no_heap                            0x0800028d   Thumb Code     2  hguard.o(.text)
    __heap$guard                             0x0800028f   Thumb Code     2  hguard.o(.text)
    _terminate_user_alloc                    0x08000291   Thumb Code     2  init_alloc.o(.text)
    _init_user_alloc                         0x08000293   Thumb Code     2  init_alloc.o(.text)
    __Heap_Full                              0x08000295   Thumb Code    34  init_alloc.o(.text)
    __Heap_Broken                            0x080002b7   Thumb Code     6  init_alloc.o(.text)
    _init_alloc                              0x080002bd   Thumb Code    94  init_alloc.o(.text)
    __Heap_Initialize                        0x0800031b   Thumb Code    10  h1_init.o(.text)
    __Heap_DescSize                          0x08000325   Thumb Code     4  h1_init.o(.text)
    __user_libspace                          0x08000329   Thumb Code     8  libspace.o(.text)
    __user_perproc_libspace                  0x08000329   Thumb Code     0  libspace.o(.text)
    __user_perthread_libspace                0x08000329   Thumb Code     0  libspace.o(.text)
    __Heap_ProvideMemory                     0x08000331   Thumb Code    52  h1_extend.o(.text)
    __rt_SIGRTMEM                            0x08000365   Thumb Code    14  defsig_rtmem_outer.o(.text)
    __I$use$semihosting                      0x08000373   Thumb Code     0  use_no_semi.o(.text)
    __use_no_semihosting_swi                 0x08000373   Thumb Code     2  use_no_semi.o(.text)
    __semihosting_library_function           0x08000375   Thumb Code     0  indicate_semi.o(.text)
    __user_setup_stackheap                   0x08000375   Thumb Code    74  sys_stackheap_outer.o(.text)
    exit                                     0x080003bf   Thumb Code    18  exit.o(.text)
    __sig_exit                               0x080003d1   Thumb Code    10  defsig_exit.o(.text)
    __rt_SIGRTMEM_inner                      0x080003dd   Thumb Code    22  defsig_rtmem_inner.o(.text)
    _sys_exit                                0x0800042d   Thumb Code     8  sys_exit.o(.text)
    __default_signal_display                 0x08000439   Thumb Code    50  defsig_general.o(.text)
    _ttywrch                                 0x0800046b   Thumb Code    14  sys_wrch.o(.text)
    Delay_ms_tick                            0x08000479   Thumb Code    16  system_timer.o(i.Delay_ms_tick)
    EXTI0_IRQHandler                         0x0800048d   Thumb Code    30  gpio.o(i.EXTI0_IRQHandler)
    GPIO_Initialization                      0x08000501   Thumb Code    32  gpio.o(i.GPIO_Initialization)
    GPIO_WritePin                            0x08000521   Thumb Code    32  gpio.o(i.GPIO_WritePin)
    NOKIA_5110_ctor                          0x080006dd   Thumb Code    70  nokia_5110_lcd.o(i.NOKIA_5110_ctor)
    NOKIA_Init                               0x0800072d   Thumb Code    94  nokia_5110_lcd.o(i.NOKIA_Init)
    NOKIA_set_single_data                    0x0800078d   Thumb Code    40  nokia_5110_lcd.o(i.NOKIA_set_single_data)
    SPI1_IRQHandler                          0x08000851   Thumb Code    26  spi.o(i.SPI1_IRQHandler)
    SPI1_cplt_Transmitt                      0x080008b1   Thumb Code    54  spi.o(i.SPI1_cplt_Transmitt)
    SPI_Write                                0x080008f5   Thumb Code    32  spi.o(i.SPI_Write)
    SysTick_Handler                          0x08000a01   Thumb Code    22  system_timer.o(i.SysTick_Handler)
    SystemInit                               0x08000a1d   Thumb Code    78  system_stm32f10x.o(i.SystemInit)
    Systick_Initialization                   0x08000a7d   Thumb Code    76  system_timer.o(i.Systick_Initialization)
    UART_Receive                             0x08000acd   Thumb Code    24  uart.o(i.UART_Receive)
    USART1_IRQHandler                        0x08000ae9   Thumb Code    72  uart.o(i.USART1_IRQHandler)
    USART1_cplt_Receive                      0x08000bb5   Thumb Code    48  uart.o(i.USART1_cplt_Receive)
    USART1_cplt_Transmitt                    0x08000bf1   Thumb Code    34  uart.o(i.USART1_cplt_Transmitt)
    main                                     0x08000c1d   Thumb Code    66  main.o(i.main)
    pin_lookup_tbl                           0x08000c68   Data         128  gpio.o(.constdata)
    Region$$Table$$Base                      0x08000ce8   Number         0  anon$$obj.o(Region$$Table)
    Region$$Table$$Limit                     0x08000d08   Number         0  anon$$obj.o(Region$$Table)
    DUMMY_TRANSMIT                           0x20000000   Data          11  main.o(.data)
    my_NOKIA_5110                            0x2000000c   Data           4  main.o(.data)
    signal                                   0x20000010   Data           1  gpio.o(.data)
    wait_tick_u32                            0x20000014   Data           4  system_timer.o(.data)
    transmit_cplt_b                          0x20000018   Data           1  nokia_5110_lcd.o(.data)
    DUMMY_RECEIVE                            0x2000001c   Data          11  main.o(.bss)
    USART1_data_container_str                0x20000028   Data          12  uart.o(.bss)
    __libspace_start                         0x20000070   Data          96  libspace.o(.bss)
    __temporary_stack_top$libspace           0x200000d0   Data           0  libspace.o(.bss)



==============================================================================

Memory Map of the image

  Image Entry point : 0x08000191

  Load Region LR_1 (Base: 0x08000000, Size: 0x00000d24, Max: 0xffffffff, ABSOLUTE)

    Execution Region ER_RO (Exec base: 0x08000000, Load base: 0x08000000, Size: 0x00000d08, Max: 0xffffffff, ABSOLUTE)

    Exec Addr    Load Addr    Size         Type   Attr      Idx    E Section Name        Object

    0x08000000   0x08000000   0x000000ec   Data   RO          417    RESET               startup_stm32f10x_md.o
    0x080000ec   0x080000ec   0x00000008   Code   RO          534  * !!!main             c_w.l(__main.o)
    0x080000f4   0x080000f4   0x00000034   Code   RO          737    !!!scatter          c_w.l(__scatter.o)
    0x08000128   0x08000128   0x0000001a   Code   RO          739    !!handler_copy      c_w.l(__scatter_copy.o)
    0x08000142   0x08000142   0x00000002   PAD
    0x08000144   0x08000144   0x0000001c   Code   RO          741    !!handler_zi        c_w.l(__scatter_zi.o)
    0x08000160   0x08000160   0x00000002   Code   RO          676    .ARM.Collect$$libinit$$00000000  c_w.l(libinit.o)
    0x08000162   0x08000162   0x00000000   Code   RO          569    .ARM.Collect$$libinit$$00000002  c_w.l(libinit2.o)
    0x08000162   0x08000162   0x00000000   Code   RO          571    .ARM.Collect$$libinit$$00000004  c_w.l(libinit2.o)
    0x08000162   0x08000162   0x00000008   Code   RO          572    .ARM.Collect$$libinit$$00000005  c_w.l(libinit2.o)
    0x0800016a   0x0800016a   0x00000000   Code   RO          574    .ARM.Collect$$libinit$$0000000A  c_w.l(libinit2.o)
    0x0800016a   0x0800016a   0x00000000   Code   RO          576    .ARM.Collect$$libinit$$0000000C  c_w.l(libinit2.o)
    0x0800016a   0x0800016a   0x00000000   Code   RO          578    .ARM.Collect$$libinit$$0000000E  c_w.l(libinit2.o)
    0x0800016a   0x0800016a   0x00000000   Code   RO          581    .ARM.Collect$$libinit$$00000011  c_w.l(libinit2.o)
    0x0800016a   0x0800016a   0x00000000   Code   RO          583    .ARM.Collect$$libinit$$00000013  c_w.l(libinit2.o)
    0x0800016a   0x0800016a   0x00000000   Code   RO          585    .ARM.Collect$$libinit$$00000015  c_w.l(libinit2.o)
    0x0800016a   0x0800016a   0x00000000   Code   RO          587    .ARM.Collect$$libinit$$00000017  c_w.l(libinit2.o)
    0x0800016a   0x0800016a   0x00000000   Code   RO          589    .ARM.Collect$$libinit$$00000019  c_w.l(libinit2.o)
    0x0800016a   0x0800016a   0x00000000   Code   RO          591    .ARM.Collect$$libinit$$0000001B  c_w.l(libinit2.o)
    0x0800016a   0x0800016a   0x00000000   Code   RO          593    .ARM.Collect$$libinit$$0000001D  c_w.l(libinit2.o)
    0x0800016a   0x0800016a   0x00000000   Code   RO          595    .ARM.Collect$$libinit$$0000001F  c_w.l(libinit2.o)
    0x0800016a   0x0800016a   0x00000000   Code   RO          597    .ARM.Collect$$libinit$$00000021  c_w.l(libinit2.o)
    0x0800016a   0x0800016a   0x00000000   Code   RO          599    .ARM.Collect$$libinit$$00000023  c_w.l(libinit2.o)
    0x0800016a   0x0800016a   0x00000000   Code   RO          601    .ARM.Collect$$libinit$$00000025  c_w.l(libinit2.o)
    0x0800016a   0x0800016a   0x00000000   Code   RO          605    .ARM.Collect$$libinit$$0000002C  c_w.l(libinit2.o)
    0x0800016a   0x0800016a   0x00000000   Code   RO          607    .ARM.Collect$$libinit$$0000002E  c_w.l(libinit2.o)
    0x0800016a   0x0800016a   0x00000000   Code   RO          609    .ARM.Collect$$libinit$$00000030  c_w.l(libinit2.o)
    0x0800016a   0x0800016a   0x00000000   Code   RO          611    .ARM.Collect$$libinit$$00000032  c_w.l(libinit2.o)
    0x0800016a   0x0800016a   0x00000002   Code   RO          612    .ARM.Collect$$libinit$$00000033  c_w.l(libinit2.o)
    0x0800016c   0x0800016c   0x00000002   Code   RO          734    .ARM.Collect$$libshutdown$$00000000  c_w.l(libshutdown.o)
    0x0800016e   0x0800016e   0x00000000   Code   RO          690    .ARM.Collect$$libshutdown$$00000002  c_w.l(libshutdown2.o)
    0x0800016e   0x0800016e   0x00000000   Code   RO          692    .ARM.Collect$$libshutdown$$00000004  c_w.l(libshutdown2.o)
    0x0800016e   0x0800016e   0x00000000   Code   RO          695    .ARM.Collect$$libshutdown$$00000007  c_w.l(libshutdown2.o)
    0x0800016e   0x0800016e   0x00000000   Code   RO          698    .ARM.Collect$$libshutdown$$0000000A  c_w.l(libshutdown2.o)
    0x0800016e   0x0800016e   0x00000000   Code   RO          700    .ARM.Collect$$libshutdown$$0000000C  c_w.l(libshutdown2.o)
    0x0800016e   0x0800016e   0x00000000   Code   RO          703    .ARM.Collect$$libshutdown$$0000000F  c_w.l(libshutdown2.o)
    0x0800016e   0x0800016e   0x00000002   Code   RO          704    .ARM.Collect$$libshutdown$$00000010  c_w.l(libshutdown2.o)
    0x08000170   0x08000170   0x00000000   Code   RO          538    .ARM.Collect$$rtentry$$00000000  c_w.l(__rtentry.o)
    0x08000170   0x08000170   0x00000000   Code   RO          619    .ARM.Collect$$rtentry$$00000002  c_w.l(__rtentry2.o)
    0x08000170   0x08000170   0x00000006   Code   RO          631    .ARM.Collect$$rtentry$$00000004  c_w.l(__rtentry4.o)
    0x08000176   0x08000176   0x00000000   Code   RO          621    .ARM.Collect$$rtentry$$00000009  c_w.l(__rtentry2.o)
    0x08000176   0x08000176   0x00000004   Code   RO          622    .ARM.Collect$$rtentry$$0000000A  c_w.l(__rtentry2.o)
    0x0800017a   0x0800017a   0x00000000   Code   RO          624    .ARM.Collect$$rtentry$$0000000C  c_w.l(__rtentry2.o)
    0x0800017a   0x0800017a   0x00000008   Code   RO          625    .ARM.Collect$$rtentry$$0000000D  c_w.l(__rtentry2.o)
    0x08000182   0x08000182   0x00000002   Code   RO          679    .ARM.Collect$$rtexit$$00000000  c_w.l(rtexit.o)
    0x08000184   0x08000184   0x00000000   Code   RO          708    .ARM.Collect$$rtexit$$00000002  c_w.l(rtexit2.o)
    0x08000184   0x08000184   0x00000004   Code   RO          709    .ARM.Collect$$rtexit$$00000003  c_w.l(rtexit2.o)
    0x08000188   0x08000188   0x00000006   Code   RO          710    .ARM.Collect$$rtexit$$00000004  c_w.l(rtexit2.o)
    0x0800018e   0x0800018e   0x00000002   PAD
    0x08000190   0x08000190   0x00000000   Code   RO          635    .emb_text           c_w.l(maybetermalloc1.o)
    0x08000190   0x08000190   0x00000040   Code   RO          418  * .text               startup_stm32f10x_md.o
    0x080001d0   0x080001d0   0x0000005e   Code   RO          474    .text               c_w.l(h1_alloc.o)
    0x0800022e   0x0800022e   0x0000004e   Code   RO          476    .text               c_w.l(h1_free.o)
    0x0800027c   0x0800027c   0x00000006   Code   RO          532    .text               c_w.l(heapauxi.o)
    0x08000282   0x08000282   0x00000002   PAD
    0x08000284   0x08000284   0x00000008   Code   RO          542    .text               c_w.l(rt_heap_descriptor_intlibspace.o)
    0x0800028c   0x0800028c   0x00000004   Code   RO          544    .text               c_w.l(hguard.o)
    0x08000290   0x08000290   0x0000008a   Code   RO          546    .text               c_w.l(init_alloc.o)
    0x0800031a   0x0800031a   0x0000000e   Code   RO          550    .text               c_w.l(h1_init.o)
    0x08000328   0x08000328   0x00000008   Code   RO          615    .text               c_w.l(libspace.o)
    0x08000330   0x08000330   0x00000034   Code   RO          637    .text               c_w.l(h1_extend.o)
    0x08000364   0x08000364   0x0000000e   Code   RO          641    .text               c_w.l(defsig_rtmem_outer.o)
    0x08000372   0x08000372   0x00000002   Code   RO          652    .text               c_w.l(use_no_semi.o)
    0x08000374   0x08000374   0x00000000   Code   RO          654    .text               c_w.l(indicate_semi.o)
    0x08000374   0x08000374   0x0000004a   Code   RO          655    .text               c_w.l(sys_stackheap_outer.o)
    0x080003be   0x080003be   0x00000012   Code   RO          661    .text               c_w.l(exit.o)
    0x080003d0   0x080003d0   0x0000000a   Code   RO          663    .text               c_w.l(defsig_exit.o)
    0x080003da   0x080003da   0x00000002   PAD
    0x080003dc   0x080003dc   0x00000050   Code   RO          665    .text               c_w.l(defsig_rtmem_inner.o)
    0x0800042c   0x0800042c   0x0000000c   Code   RO          677    .text               c_w.l(sys_exit.o)
    0x08000438   0x08000438   0x00000032   Code   RO          687    .text               c_w.l(defsig_general.o)
    0x0800046a   0x0800046a   0x0000000e   Code   RO          705    .text               c_w.l(sys_wrch.o)
    0x08000478   0x08000478   0x00000014   Code   RO          152    i.Delay_ms_tick     system_timer.o
    0x0800048c   0x0800048c   0x00000028   Code   RO           81    i.EXTI0_IRQHandler  gpio.o
    0x080004b4   0x080004b4   0x0000004c   Code   RO           82    i.EX_Interrupt_configurtation_A  gpio.o
    0x08000500   0x08000500   0x00000020   Code   RO           83    i.GPIO_Initialization  gpio.o
    0x08000520   0x08000520   0x00000024   Code   RO           85    i.GPIO_WritePin     gpio.o
    0x08000544   0x08000544   0x0000008c   Code   RO           86    i.GPIO_configure_GPIOA  gpio.o
    0x080005d0   0x080005d0   0x000000d4   Code   RO          341    i.GPIO_configure_GPIOA  nokia_5110_lcd.o
    0x080006a4   0x080006a4   0x00000038   Code   RO           87    i.GPIO_configure_GPIOC  gpio.o
    0x080006dc   0x080006dc   0x00000050   Code   RO          342    i.NOKIA_5110_ctor   nokia_5110_lcd.o
    0x0800072c   0x0800072c   0x0000005e   Code   RO          344    i.NOKIA_Init        nokia_5110_lcd.o
    0x0800078a   0x0800078a   0x00000002   PAD
    0x0800078c   0x0800078c   0x00000030   Code   RO          347    i.NOKIA_set_single_data  nokia_5110_lcd.o
    0x080007bc   0x080007bc   0x00000094   Code   RO          348    i.SPI1_Configuration  nokia_5110_lcd.o
    0x08000850   0x08000850   0x00000020   Code   RO          284    i.SPI1_IRQHandler   spi.o
    0x08000870   0x08000870   0x00000040   Code   RO          285    i.SPI1_TXE_interrupt  spi.o
    0x080008b0   0x080008b0   0x00000044   Code   RO          286    i.SPI1_cplt_Transmitt  spi.o
    0x080008f4   0x080008f4   0x00000024   Code   RO          287    i.SPI_Write         spi.o
    0x08000918   0x08000918   0x00000008   Code   RO          425    i.SetSysClock       system_stm32f10x.o
    0x08000920   0x08000920   0x000000e0   Code   RO          426    i.SetSysClockTo72   system_stm32f10x.o
    0x08000a00   0x08000a00   0x0000001c   Code   RO          153    i.SysTick_Handler   system_timer.o
    0x08000a1c   0x08000a1c   0x00000060   Code   RO          428    i.SystemInit        system_stm32f10x.o
    0x08000a7c   0x08000a7c   0x00000050   Code   RO          154    i.Systick_Initialization  system_timer.o
    0x08000acc   0x08000acc   0x0000001c   Code   RO          202    i.UART_Receive      uart.o
    0x08000ae8   0x08000ae8   0x0000004c   Code   RO          206    i.USART1_IRQHandler  uart.o
    0x08000b34   0x08000b34   0x00000034   Code   RO          207    i.USART1_RXE_interrupt  uart.o
    0x08000b68   0x08000b68   0x0000004c   Code   RO          208    i.USART1_TXE_interrupt  uart.o
    0x08000bb4   0x08000bb4   0x0000003c   Code   RO          209    i.USART1_cplt_Receive  uart.o
    0x08000bf0   0x08000bf0   0x0000002c   Code   RO          210    i.USART1_cplt_Transmitt  uart.o
    0x08000c1c   0x08000c1c   0x0000004c   Code   RO            4    i.main              main.o
    0x08000c68   0x08000c68   0x00000080   Data   RO           88    .constdata          gpio.o
    0x08000ce8   0x08000ce8   0x00000020   Data   RO          735    Region$$Table       anon$$obj.o


    Execution Region ER_RW (Exec base: 0x20000000, Load base: 0x08000d08, Size: 0x0000001c, Max: 0xffffffff, ABSOLUTE)

    Exec Addr    Load Addr    Size         Type   Attr      Idx    E Section Name        Object

    0x20000000   0x08000d08   0x00000010   Data   RW            6    .data               main.o
    0x20000010   0x08000d18   0x00000001   Data   RW           89    .data               gpio.o
    0x20000011   0x08000d19   0x00000003   PAD
    0x20000014   0x08000d1c   0x00000004   Data   RW          157    .data               system_timer.o
    0x20000018   0x08000d20   0x00000001   Data   RW          349    .data               nokia_5110_lcd.o


    Execution Region ER_ZI (Exec base: 0x2000001c, Load base: 0x08000d24, Size: 0x000006b4, Max: 0xffffffff, ABSOLUTE)

    Exec Addr    Load Addr    Size         Type   Attr      Idx    E Section Name        Object

    0x2000001c        -       0x0000000b   Zero   RW            5    .bss                main.o
    0x20000027   0x08000d24   0x00000001   PAD
    0x20000028        -       0x00000030   Zero   RW          211    .bss                uart.o
    0x20000058        -       0x00000018   Zero   RW          289    .bss                spi.o
    0x20000070        -       0x00000060   Zero   RW          616    .bss                c_w.l(libspace.o)
    0x200000d0        -       0x00000200   Zero   RW          416    HEAP                startup_stm32f10x_md.o
    0x200002d0        -       0x00000400   Zero   RW          415    STACK               startup_stm32f10x_md.o


==============================================================================

Image component sizes


      Code (inc. data)   RO Data    RW Data    ZI Data      Debug   Object Name

       380         42        128          1          0      32460   gpio.o
        76         10          0         16         11     212210   main.o
       582         32          0          1          0       5169   nokia_5110_lcd.o
       200         32          0          0         24       2656   spi.o
        64         26        236          0       1536        804   startup_stm32f10x_md.o
       328         28          0          0          0       2049   system_stm32f10x.o
       128         14          0          4          0       1847   system_timer.o
       336         50          0          0         48       6529   uart.o

    ----------------------------------------------------------------------
      2096        234        396         28       1620     263724   Object Totals
         0          0         32          0          0          0   (incl. Generated)
         2          0          0          6          1          0   (incl. Padding)

    ----------------------------------------------------------------------

      Code (inc. data)   RO Data    RW Data    ZI Data      Debug   Library Member Name

         8          0          0          0          0         68   __main.o
         0          0          0          0          0          0   __rtentry.o
        12          0          0          0          0          0   __rtentry2.o
         6          0          0          0          0          0   __rtentry4.o
        52          8          0          0          0          0   __scatter.o
        26          0          0          0          0          0   __scatter_copy.o
        28          0          0          0          0          0   __scatter_zi.o
        10          0          0          0          0         68   defsig_exit.o
        50          0          0          0          0         88   defsig_general.o
        80         58          0          0          0         76   defsig_rtmem_inner.o
        14          0          0          0          0         80   defsig_rtmem_outer.o
        18          0          0          0          0         80   exit.o
        94          0          0          0          0         80   h1_alloc.o
        52          0          0          0          0         68   h1_extend.o
        78          0          0          0          0         80   h1_free.o
        14          0          0          0          0         84   h1_init.o
         6          0          0          0          0        152   heapauxi.o
         4          0          0          0          0        136   hguard.o
         0          0          0          0          0          0   indicate_semi.o
       138          0          0          0          0        168   init_alloc.o
         2          0          0          0          0          0   libinit.o
        10          0          0          0          0          0   libinit2.o
         2          0          0          0          0          0   libshutdown.o
         2          0          0          0          0          0   libshutdown2.o
         8          4          0          0         96         68   libspace.o
         0          0          0          0          0          0   maybetermalloc1.o
         8          4          0          0          0         68   rt_heap_descriptor_intlibspace.o
         2          0          0          0          0          0   rtexit.o
        10          0          0          0          0          0   rtexit2.o
        12          4          0          0          0         68   sys_exit.o
        74          0          0          0          0         80   sys_stackheap_outer.o
        14          0          0          0          0         76   sys_wrch.o
         2          0          0          0          0         68   use_no_semi.o

    ----------------------------------------------------------------------
       844         78          0          0         96       1656   Library Totals
         8          0          0          0          0          0   (incl. Padding)

    ----------------------------------------------------------------------

      Code (inc. data)   RO Data    RW Data    ZI Data      Debug   Library Name

       836         78          0          0         96       1656   c_w.l

    ----------------------------------------------------------------------
       844         78          0          0         96       1656   Library Totals

    ----------------------------------------------------------------------

==============================================================================


      Code (inc. data)   RO Data    RW Data    ZI Data      Debug   

      2940        312        396         28       1716     263244   Grand Totals
      2940        312        396         28       1716     263244   ELF Image Totals
      2940        312        396         28          0          0   ROM Totals

==============================================================================

    Total RO  Size (Code + RO Data)                 3336 (   3.26kB)
    Total RW  Size (RW Data + ZI Data)              1744 (   1.70kB)
    Total ROM Size (Code + RO Data + RW Data)       3364 (   3.29kB)

==============================================================================

